xcp.c:416:13:XcpProtectResources	0	static
xcp.c:450:13:XcpSetCtoError	0	static
xcp.c:552:13:XcpCmdDisconnect	8	static
xcp.c:578:13:XcpCmdGetStatus	0	static
xcp.c:609:13:XcpCmdSynch	8	static
xcp.c:626:13:XcpCmdGetId	0	static
xcp.c:659:13:XcpCmdSetMta	0	static
xcp.c:1414:13:XcpCmdProgramPrepare	8	static
xcp.c:1205:13:XcpCmdProgramStart	16	static
xcp.c:466:13:XcpCmdConnect	16	static
xcp.c:679:13:XcpCmdUpload	16	static
xcp.c:745:13:XcpCmdShortUpload	16	static
xcp.c:354:18:XcpComputeChecksum	24	static
xcp.c:889:13:XcpCmdBuildCheckSum	8	static
xcp.c:1249:13:XcpCmdProgramMax	16	static
xcp.c:1287:13:XcpCmdProgram	16	static
xcp.c:1344:13:XcpCmdProgramClear	8	static
xcp.c:1379:13:XcpCmdProgramReset	8	static
xcp.c:333:13:XcpTransmitPacket	8	static
xcp.c:153:6:XcpInit	0	static
xcp.c:170:10:XcpIsConnected	0	static
xcp.c:186:6:XcpPacketTransmitted	0	static
xcp.c:200:6:XcpPacketReceived	8	static
