ff.c:590:6:ld_word	0	static
ff.c:600:7:ld_dword	0	static
ff.c:631:6:st_word	0	static
ff.c:638:6:st_dword	0	static
ff.c:670:6:mem_cpy	0	static
ff.c:681:6:mem_set	0	static
ff.c:689:5:mem_cmp	8	static
ff.c:702:5:chk_chr	0	static
ff.c:955:7:clust2sect	0	static
ff.c:1568:7:ld_clust	16	static
ff.c:1586:6:st_clust	16	static
ff.c:1650:5:pick_lfn	24	static
ff.c:1687:6:put_lfn	32	static
ff.c:1724:6:gen_numname	24	static
ff.c:1782:6:sum_sfn	0	static
ff.c:2813:5:get_ldnumber	4	static
ff.c:3120:9:validate	16	static
ff.c:856:9:sync_window	24	static
ff.c:885:9:move_window	16	static
ff.c:2874:6:check_fs	8	static
ff.c:2900:9:find_volume	48	static
ff.c:973:7:get_fat	24	static
ff.c:1407:9:dir_sdi	24	static
ff.c:1049:9:put_fat	32	static
ff.c:1295:7:create_chain	24	static
ff.c:1213:9:remove_chain	24	static
ff.c:1456:9:dir_next	32	static
ff.c:1526:9:dir_alloc	24	static
ff.c:2042:9:dir_read	32	static
ff.c:2300:9:dir_remove	16	static
ff.c:2519:9:create_name	48	static
ff.c:2347:6:get_fileinfo	24	static
ff.c:1613:5:cmp_lfn	32	static
ff.c:2118:9:dir_find	32	static
ff.c:2725:9:follow_path	24	static
ff.c:2196:9:dir_register	48	static
ff.c:916:9:sync_fs	16	static
ff.c:3155:9:f_mount	24	static
ff.c:3202:9:f_open	104	static
ff.c:3375:9:f_read	56	static
ff.c:3483:9:f_write	56	static
ff.c:5567:6:putc_bfd	24	static
ff.c:3614:9:f_sync	24	static
ff.c:3694:9:f_close	16	static
ff.c:3880:9:f_lseek	32	static
ff.c:4041:9:f_opendir	32	static
ff.c:4111:9:f_closedir	16	static
ff.c:4144:9:f_readdir	32	static
ff.c:4232:9:f_stat	80	static
ff.c:4267:9:f_getfree	64	static
ff.c:4354:9:f_truncate	24	static
ff.c:4404:9:f_unlink	136	static
ff.c:4499:9:f_mkdir	104	static
ff.c:4593:9:f_rename	152	static
ff.c:5480:8:f_gets	32	static
ff.c:5623:5:f_putc	88	static
ff.c:5650:5:f_puts	88	static
ff.c:5678:5:f_printf	156	static
