Archive member included to satisfy reference by file (symbol)

c:/st/stm32cubeide_1.2.0/stm32cubeide/plugins/com.st.stm32cube.ide.mcu.externaltools.gnu-tools-for-stm32.7-2018-q2-update.win32_1.4.0.202007081208/tools/bin/../lib/gcc/arm-none-eabi/7.3.1/../../../../arm-none-eabi/lib/thumb/v7e-m/fpv4-sp/hard\libc_nano.a(lib_a-exit.o)
                              c:/st/stm32cubeide_1.2.0/stm32cubeide/plugins/com.st.stm32cube.ide.mcu.externaltools.gnu-tools-for-stm32.7-2018-q2-update.win32_1.4.0.202007081208/tools/bin/../lib/gcc/arm-none-eabi/7.3.1/../../../../arm-none-eabi/lib/thumb/v7e-m/fpv4-sp/hard/crt0.o (exit)
c:/st/stm32cubeide_1.2.0/stm32cubeide/plugins/com.st.stm32cube.ide.mcu.externaltools.gnu-tools-for-stm32.7-2018-q2-update.win32_1.4.0.202007081208/tools/bin/../lib/gcc/arm-none-eabi/7.3.1/../../../../arm-none-eabi/lib/thumb/v7e-m/fpv4-sp/hard\libc_nano.a(lib_a-impure.o)
                              c:/st/stm32cubeide_1.2.0/stm32cubeide/plugins/com.st.stm32cube.ide.mcu.externaltools.gnu-tools-for-stm32.7-2018-q2-update.win32_1.4.0.202007081208/tools/bin/../lib/gcc/arm-none-eabi/7.3.1/../../../../arm-none-eabi/lib/thumb/v7e-m/fpv4-sp/hard\libc_nano.a(lib_a-exit.o) (_global_impure_ptr)
c:/st/stm32cubeide_1.2.0/stm32cubeide/plugins/com.st.stm32cube.ide.mcu.externaltools.gnu-tools-for-stm32.7-2018-q2-update.win32_1.4.0.202007081208/tools/bin/../lib/gcc/arm-none-eabi/7.3.1/../../../../arm-none-eabi/lib/thumb/v7e-m/fpv4-sp/hard\libc_nano.a(lib_a-init.o)
                              c:/st/stm32cubeide_1.2.0/stm32cubeide/plugins/com.st.stm32cube.ide.mcu.externaltools.gnu-tools-for-stm32.7-2018-q2-update.win32_1.4.0.202007081208/tools/bin/../lib/gcc/arm-none-eabi/7.3.1/../../../../arm-none-eabi/lib/thumb/v7e-m/fpv4-sp/hard/crt0.o (__libc_init_array)
c:/st/stm32cubeide_1.2.0/stm32cubeide/plugins/com.st.stm32cube.ide.mcu.externaltools.gnu-tools-for-stm32.7-2018-q2-update.win32_1.4.0.202007081208/tools/bin/../lib/gcc/arm-none-eabi/7.3.1/../../../../arm-none-eabi/lib/thumb/v7e-m/fpv4-sp/hard\libc_nano.a(lib_a-locale.o)
                              core/file.o (__locale_ctype_ptr)
c:/st/stm32cubeide_1.2.0/stm32cubeide/plugins/com.st.stm32cube.ide.mcu.externaltools.gnu-tools-for-stm32.7-2018-q2-update.win32_1.4.0.202007081208/tools/bin/../lib/gcc/arm-none-eabi/7.3.1/../../../../arm-none-eabi/lib/thumb/v7e-m/fpv4-sp/hard\libc_nano.a(lib_a-mbtowc_r.o)
                              c:/st/stm32cubeide_1.2.0/stm32cubeide/plugins/com.st.stm32cube.ide.mcu.externaltools.gnu-tools-for-stm32.7-2018-q2-update.win32_1.4.0.202007081208/tools/bin/../lib/gcc/arm-none-eabi/7.3.1/../../../../arm-none-eabi/lib/thumb/v7e-m/fpv4-sp/hard\libc_nano.a(lib_a-locale.o) (__ascii_mbtowc)
c:/st/stm32cubeide_1.2.0/stm32cubeide/plugins/com.st.stm32cube.ide.mcu.externaltools.gnu-tools-for-stm32.7-2018-q2-update.win32_1.4.0.202007081208/tools/bin/../lib/gcc/arm-none-eabi/7.3.1/../../../../arm-none-eabi/lib/thumb/v7e-m/fpv4-sp/hard\libc_nano.a(lib_a-memset.o)
                              c:/st/stm32cubeide_1.2.0/stm32cubeide/plugins/com.st.stm32cube.ide.mcu.externaltools.gnu-tools-for-stm32.7-2018-q2-update.win32_1.4.0.202007081208/tools/bin/../lib/gcc/arm-none-eabi/7.3.1/../../../../arm-none-eabi/lib/thumb/v7e-m/fpv4-sp/hard/crt0.o (memset)
c:/st/stm32cubeide_1.2.0/stm32cubeide/plugins/com.st.stm32cube.ide.mcu.externaltools.gnu-tools-for-stm32.7-2018-q2-update.win32_1.4.0.202007081208/tools/bin/../lib/gcc/arm-none-eabi/7.3.1/../../../../arm-none-eabi/lib/thumb/v7e-m/fpv4-sp/hard\libc_nano.a(lib_a-strcmp.o)
                              c:/st/stm32cubeide_1.2.0/stm32cubeide/plugins/com.st.stm32cube.ide.mcu.externaltools.gnu-tools-for-stm32.7-2018-q2-update.win32_1.4.0.202007081208/tools/bin/../lib/gcc/arm-none-eabi/7.3.1/../../../../arm-none-eabi/lib/thumb/v7e-m/fpv4-sp/hard\libc_nano.a(lib_a-locale.o) (strcmp)
c:/st/stm32cubeide_1.2.0/stm32cubeide/plugins/com.st.stm32cube.ide.mcu.externaltools.gnu-tools-for-stm32.7-2018-q2-update.win32_1.4.0.202007081208/tools/bin/../lib/gcc/arm-none-eabi/7.3.1/../../../../arm-none-eabi/lib/thumb/v7e-m/fpv4-sp/hard\libc_nano.a(lib_a-wctomb_r.o)
                              c:/st/stm32cubeide_1.2.0/stm32cubeide/plugins/com.st.stm32cube.ide.mcu.externaltools.gnu-tools-for-stm32.7-2018-q2-update.win32_1.4.0.202007081208/tools/bin/../lib/gcc/arm-none-eabi/7.3.1/../../../../arm-none-eabi/lib/thumb/v7e-m/fpv4-sp/hard\libc_nano.a(lib_a-locale.o) (__ascii_wctomb)
c:/st/stm32cubeide_1.2.0/stm32cubeide/plugins/com.st.stm32cube.ide.mcu.externaltools.gnu-tools-for-stm32.7-2018-q2-update.win32_1.4.0.202007081208/tools/bin/../lib/gcc/arm-none-eabi/7.3.1/../../../../arm-none-eabi/lib/thumb/v7e-m/fpv4-sp/hard\libc_nano.a(lib_a-ctype_.o)
[...]
Memory Configuration

Name             Origin             Length             Attributes
RAM              0x0000000020000000 0x0000000000020000 xrw
CCMRAM           0x0000000010000000 0x0000000000010000 rw
FLASH            0x0000000008000000 0x0000000000010000 xr
*default*        0x0000000000000000 0xffffffffffffffff

Linker script and memory map

LOAD c:/st/stm32cubeide_1.2.0/stm32cubeide/plugins/com.st.stm32cube.ide.mcu.externaltools.gnu-tools-for-stm32.7-2018-q2-update.win32_1.4.0.202007081208/tools/bin/../lib/gcc/arm-none-eabi/7.3.1/thumb/v7e-m/fpv4-sp/hard/crti.o
LOAD c:/st/stm32cubeide_1.2.0/stm32cubeide/plugins/com.st.stm32cube.ide.mcu.externaltools.gnu-tools-for-stm32.7-2018-q2-update.win32_1.4.0.202007081208/tools/bin/../lib/gcc/arm-none-eabi/7.3.1/thumb/v7e-m/fpv4-sp/hard/crtbegin.o
LOAD c:/st/stm32cubeide_1.2.0/stm32cubeide/plugins/com.st.stm32cube.ide.mcu.externaltools.gnu-tools-for-stm32.7-2018-q2-update.win32_1.4.0.202007081208/tools/bin/../lib/gcc/arm-none-eabi/7.3.1/../../../../arm-none-eabi/lib/thumb/v7e-m/fpv4-sp/hard/crt0.o
LOAD core/ARMCM4_STM32F4/GCC/cpu_comp.o
LOAD core/ARMCM4_STM32F4/can.o
LOAD core/ARMCM4_STM32F4/cpu.o
LOAD core/ARMCM4_STM32F4/flash.o
LOAD core/ARMCM4_STM32F4/nvm.o
LOAD core/ARMCM4_STM32F4/rs232.o
LOAD core/ARMCM4_STM32F4/timer.o
LOAD core/ARMCM4_STM32F4/usb.o
LOAD core/assert.o
LOAD core/backdoor.o
LOAD core/boot.o
LOAD core/com.o
LOAD core/cop.o
LOAD core/file.o
LOAD core/net.o
LOAD core/xcp.o
LOAD core/third_party/fatfs/src/ff.o
LOAD core/third_party/fatfs/src/option/unicode.o
LOAD hooks.o
LOAD led.o
LOAD main.o
LOAD startup_stm32f407xx.o
LOAD utils.o
LOAD lib/STM32F4xx_HAL_Driver/Src/stm32f4xx_hal.o
LOAD lib/STM32F4xx_HAL_Driver/Src/stm32f4xx_hal_can.o
LOAD lib/STM32F4xx_HAL_Driver/Src/stm32f4xx_hal_cortex.o
LOAD lib/STM32F4xx_HAL_Driver/Src/stm32f4xx_hal_dma.o
LOAD lib/STM32F4xx_HAL_Driver/Src/stm32f4xx_hal_dma_ex.o
LOAD lib/STM32F4xx_HAL_Driver/Src/stm32f4xx_hal_flash.o
LOAD lib/STM32F4xx_HAL_Driver/Src/stm32f4xx_hal_flash_ex.o
LOAD lib/STM32F4xx_HAL_Driver/Src/stm32f4xx_hal_flash_ramfunc.o
LOAD lib/STM32F4xx_HAL_Driver/Src/stm32f4xx_hal_gpio.o
LOAD lib/STM32F4xx_HAL_Driver/Src/stm32f4xx_hal_pwr.o
LOAD lib/STM32F4xx_HAL_Driver/Src/stm32f4xx_hal_pwr_ex.o
LOAD lib/STM32F4xx_HAL_Driver/Src/stm32f4xx_hal_rcc.o
LOAD lib/STM32F4xx_HAL_Driver/Src/stm32f4xx_hal_rcc_ex.o
LOAD lib/STM32F4xx_HAL_Driver/Src/stm32f4xx_hal_sd.o
LOAD lib/STM32F4xx_HAL_Driver/Src/stm32f4xx_hal_tim.o
LOAD lib/STM32F4xx_HAL_Driver/Src/stm32f4xx_hal_tim_ex.o
LOAD lib/STM32F4xx_HAL_Driver/Src/stm32f4xx_hal_usart.o
LOAD lib/STM32F4xx_HAL_Driver/Src/stm32f4xx_ll_dma.o
LOAD lib/STM32F4xx_HAL_Driver/Src/stm32f4xx_ll_exti.o
LOAD lib/STM32F4xx_HAL_Driver/Src/stm32f4xx_ll_gpio.o
LOAD lib/STM32F4xx_HAL_Driver/Src/stm32f4xx_ll_rcc.o
LOAD lib/STM32F4xx_HAL_Driver/Src/stm32f4xx_ll_sdmmc.o
LOAD lib/STM32F4xx_HAL_Driver/Src/stm32f4xx_ll_usart.o
LOAD lib/STM32F4xx_HAL_Driver/Src/stm32f4xx_ll_utils.o
LOAD lib/fatfs/bsp_driver_sd.o
LOAD lib/fatfs/mmc.o
LOAD lib/fatfs/sd_diskio.o
LOAD lib/system_stm32f4xx.o
START GROUP
LOAD c:/st/stm32cubeide_1.2.0/stm32cubeide/plugins/com.st.stm32cube.ide.mcu.externaltools.gnu-tools-for-stm32.7-2018-q2-update.win32_1.4.0.202007081208/tools/bin/../lib/gcc/arm-none-eabi/7.3.1/../../../../arm-none-eabi/lib/thumb/v7e-m/fpv4-sp/hard\libc_nano.a
LOAD c:/st/stm32cubeide_1.2.0/stm32cubeide/plugins/com.st.stm32cube.ide.mcu.externaltools.gnu-tools-for-stm32.7-2018-q2-update.win32_1.4.0.202007081208/tools/bin/../lib/gcc/arm-none-eabi/7.3.1/../../../../arm-none-eabi/lib/thumb/v7e-m/fpv4-sp/hard\libm.a
END GROUP
START GROUP
LOAD c:/st/stm32cubeide_1.2.0/stm32cubeide/plugins/com.st.stm32cube.ide.mcu.externaltools.gnu-tools-for-stm32.7-2018-q2-update.win32_1.4.0.202007081208/tools/bin/../lib/gcc/arm-none-eabi/7.3.1/thumb/v7e-m/fpv4-sp/hard\libgcc.a
LOAD c:/st/stm32cubeide_1.2.0/stm32cubeide/plugins/com.st.stm32cube.ide.mcu.externaltools.gnu-tools-for-stm32.7-2018-q2-update.win32_1.4.0.202007081208/tools/bin/../lib/gcc/arm-none-eabi/7.3.1/../../../../arm-none-eabi/lib/thumb/v7e-m/fpv4-sp/hard\libc_nano.a
END GROUP
START GROUP
LOAD c:/st/stm32cubeide_1.2.0/stm32cubeide/plugins/com.st.stm32cube.ide.mcu.externaltools.gnu-tools-for-stm32.7-2018-q2-update.win32_1.4.0.202007081208/tools/bin/../lib/gcc/arm-none-eabi/7.3.1/thumb/v7e-m/fpv4-sp/hard\libgcc.a
LOAD c:/st/stm32cubeide_1.2.0/stm32cubeide/plugins/com.st.stm32cube.ide.mcu.externaltools.gnu-tools-for-stm32.7-2018-q2-update.win32_1.4.0.202007081208/tools/bin/../lib/gcc/arm-none-eabi/7.3.1/../../../../arm-none-eabi/lib/thumb/v7e-m/fpv4-sp/hard\libc_nano.a
LOAD c:/st/stm32cubeide_1.2.0/stm32cubeide/plugins/com.st.stm32cube.ide.mcu.externaltools.gnu-tools-for-stm32.7-2018-q2-update.win32_1.4.0.202007081208/tools/bin/../lib/gcc/arm-none-eabi/7.3.1/../../../../arm-none-eabi/lib/thumb/v7e-m/fpv4-sp/hard\libnosys.a
END GROUP
START GROUP
LOAD c:/st/stm32cubeide_1.2.0/stm32cubeide/plugins/com.st.stm32cube.ide.mcu.externaltools.gnu-tools-for-stm32.7-2018-q2-update.win32_1.4.0.202007081208/tools/bin/../lib/gcc/arm-none-eabi/7.3.1/thumb/v7e-m/fpv4-sp/hard\libgcc.a
LOAD c:/st/stm32cubeide_1.2.0/stm32cubeide/plugins/com.st.stm32cube.ide.mcu.externaltools.gnu-tools-for-stm32.7-2018-q2-update.win32_1.4.0.202007081208/tools/bin/../lib/gcc/arm-none-eabi/7.3.1/../../../../arm-none-eabi/lib/thumb/v7e-m/fpv4-sp/hard\libc_nano.a
LOAD c:/st/stm32cubeide_1.2.0/stm32cubeide/plugins/com.st.stm32cube.ide.mcu.externaltools.gnu-tools-for-stm32.7-2018-q2-update.win32_1.4.0.202007081208/tools/bin/../lib/gcc/arm-none-eabi/7.3.1/../../../../arm-none-eabi/lib/thumb/v7e-m/fpv4-sp/hard\libnosys.a
END GROUP
LOAD c:/st/stm32cubeide_1.2.0/stm32cubeide/plugins/com.st.stm32cube.ide.mcu.externaltools.gnu-tools-for-stm32.7-2018-q2-update.win32_1.4.0.202007081208/tools/bin/../lib/gcc/arm-none-eabi/7.3.1/thumb/v7e-m/fpv4-sp/hard/crtend.o
LOAD c:/st/stm32cubeide_1.2.0/stm32cubeide/plugins/com.st.stm32cube.ide.mcu.externaltools.gnu-tools-for-stm32.7-2018-q2-update.win32_1.4.0.202007081208/tools/bin/../lib/gcc/arm-none-eabi/7.3.1/thumb/v7e-m/fpv4-sp/hard/crtn.o
                0x0000000020020000                _estack = 0x20020000
                0x0000000000000200                _Min_Heap_Size = 0x200
                0x0000000000000800                _Min_Stack_Size = 0x800

.isr_vector     0x0000000008000000      0x188
                0x0000000008000000                . = ALIGN (0x4)
 *(.isr_vector)
 .isr_vector    0x0000000008000000      0x188 startup_stm32f407xx.o
                0x0000000008000000                g_pfnVectors
                0x0000000008000188                . = ALIGN (0x4)

.text           0x0000000008000188     0x599c
                0x0000000008000188                . = ALIGN (0x4)
 *(.text)
 .text          0x0000000008000188       0x40 c:/st/stm32cubeide_1.2.0/stm32cubeide/plugins/com.st.stm32cube.ide.mcu.externaltools.gnu-tools-for-stm32.7-2018-q2-update.win32_1.4.0.202007081208/tools/bin/../lib/gcc/arm-none-eabi/7.3.1/thumb/v7e-m/fpv4-sp/hard/crtbegin.o
 .text          0x00000000080001c8       0x30 c:/st/stm32cubeide_1.2.0/stm32cubeide/plugins/com.st.stm32cube.ide.mcu.externaltools.gnu-tools-for-stm32.7-2018-q2-update.win32_1.4.0.202007081208/tools/bin/../lib/gcc/arm-none-eabi/7.3.1/thumb/v7e-m/fpv4-sp/hard\libgcc.a(_aeabi_uldivmod.o)
                0x00000000080001c8                __aeabi_uldivmod
 .text          0x00000000080001f8      0x2cc c:/st/stm32cubeide_1.2.0/stm32cubeide/plugins/com.st.stm32cube.ide.mcu.externaltools.gnu-tools-for-stm32.7-2018-q2-update.win32_1.4.0.202007081208/tools/bin/../lib/gcc/arm-none-eabi/7.3.1/thumb/v7e-m/fpv4-sp/hard\libgcc.a(_udivmoddi4.o)
                0x00000000080001f8                __udivmoddi4
 .text          0x00000000080004c4        0x4 c:/st/stm32cubeide_1.2.0/stm32cubeide/plugins/com.st.stm32cube.ide.mcu.externaltools.gnu-tools-for-stm32.7-2018-q2-update.win32_1.4.0.202007081208/tools/bin/../lib/gcc/arm-none-eabi/7.3.1/thumb/v7e-m/fpv4-sp/hard\libgcc.a(_dvmd_tls.o)
                0x00000000080004c4                __aeabi_idiv0
                0x00000000080004c4                __aeabi_ldiv0
 *(.text*)
 .text.CpuIrqDisable
                0x00000000080004c8        0x4 core/ARMCM4_STM32F4/GCC/cpu_comp.o
                0x00000000080004c8                CpuIrqDisable
 .text.CpuIrqEnable
                0x00000000080004cc        0x4 core/ARMCM4_STM32F4/GCC/cpu_comp.o
                0x00000000080004cc                CpuIrqEnable
 .text.CpuInit  0x00000000080004d0        0x8 core/ARMCM4_STM32F4/cpu.o
                0x00000000080004d0                CpuInit
 .text.CpuStartUserProgram
                0x00000000080004d8       0x40 core/ARMCM4_STM32F4/cpu.o
                0x00000000080004d8                CpuStartUserProgram
 .text.CpuMemCopy
                0x0000000008000518       0x20 core/ARMCM4_STM32F4/cpu.o
                0x0000000008000518                CpuMemCopy
 .text.FlashGetSector
                0x0000000008000538       0x44 core/ARMCM4_STM32F4/flash.o
 .text.FlashInitBlock
                0x000000000800057c       0x26 core/ARMCM4_STM32F4/flash.o
 .text.FlashWriteBlock
                0x00000000080005a2       0x4e core/ARMCM4_STM32F4/flash.o
 .text.FlashSwitchBlock
                0x00000000080005f0       0x44 core/ARMCM4_STM32F4/flash.o
 .text.FlashAddToBlock
                0x0000000008000634       0x84 core/ARMCM4_STM32F4/flash.o
 .text.FlashEraseSectors
                0x00000000080006b8       0x60 core/ARMCM4_STM32F4/flash.o
 .text.FlashInit
                0x0000000008000718       0x18 core/ARMCM4_STM32F4/flash.o
                0x0000000008000718                FlashInit
 .text.FlashWrite
                0x0000000008000730       0x6c core/ARMCM4_STM32F4/flash.o
                0x0000000008000730                FlashWrite
 .text.FlashErase
                0x000000000800079c       0x40 core/ARMCM4_STM32F4/flash.o
                0x000000000800079c                FlashErase
 .text.FlashWriteChecksum
                0x00000000080007dc       0x4c core/ARMCM4_STM32F4/flash.o
                0x00000000080007dc                FlashWriteChecksum
 .text.FlashVerifyChecksum
                0x0000000008000828       0x58 core/ARMCM4_STM32F4/flash.o
                0x0000000008000828                FlashVerifyChecksum
 .text.FlashDone
                0x0000000008000880       0x40 core/ARMCM4_STM32F4/flash.o
                0x0000000008000880                FlashDone
 .text.FlashGetUserProgBaseAddress
                0x00000000080008c0        0x8 core/ARMCM4_STM32F4/flash.o
                0x00000000080008c0                FlashGetUserProgBaseAddress
 .text.NvmInit  0x00000000080008c8        0x8 core/ARMCM4_STM32F4/nvm.o
                0x00000000080008c8                NvmInit
 .text.NvmWrite
                0x00000000080008d0        0x8 core/ARMCM4_STM32F4/nvm.o
                0x00000000080008d0                NvmWrite
 .text.NvmErase
                0x00000000080008d8        0x8 core/ARMCM4_STM32F4/nvm.o
                0x00000000080008d8                NvmErase
 .text.NvmVerifyChecksum
                0x00000000080008e0        0x8 core/ARMCM4_STM32F4/nvm.o
                0x00000000080008e0                NvmVerifyChecksum
 .text.NvmGetUserProgBaseAddress
                0x00000000080008e8        0x8 core/ARMCM4_STM32F4/nvm.o
                0x00000000080008e8                NvmGetUserProgBaseAddress
 .text.NvmDone  0x00000000080008f0       0x16 core/ARMCM4_STM32F4/nvm.o
                0x00000000080008f0                NvmDone
 *fill*         0x0000000008000906        0x2 
 .text.Rs232ReceiveByte
                0x0000000008000908       0x1c core/ARMCM4_STM32F4/rs232.o
 .text.Rs232TransmitByte
                0x0000000008000924       0x2c core/ARMCM4_STM32F4/rs232.o
 .text.Rs232Init
                0x0000000008000950       0x34 core/ARMCM4_STM32F4/rs232.o
                0x0000000008000950                Rs232Init
 .text.Rs232TransmitPacket
                0x0000000008000984       0x38 core/ARMCM4_STM32F4/rs232.o
                0x0000000008000984                Rs232TransmitPacket
 .text.Rs232ReceivePacket
                0x00000000080009bc       0xac core/ARMCM4_STM32F4/rs232.o
                0x00000000080009bc                Rs232ReceivePacket
 .text.TimerReset
                0x0000000008000a68        0xc core/ARMCM4_STM32F4/timer.o
                0x0000000008000a68                TimerReset
 .text.TimerInit
                0x0000000008000a74       0x28 core/ARMCM4_STM32F4/timer.o
                0x0000000008000a74                TimerInit
 .text.TimerUpdate
                0x0000000008000a9c       0x1c core/ARMCM4_STM32F4/timer.o
                0x0000000008000a9c                TimerUpdate
 .text.TimerGet
                0x0000000008000ab8       0x10 core/ARMCM4_STM32F4/timer.o
                0x0000000008000ab8                TimerGet
 .text.HAL_GetTick
                0x0000000008000ac8        0x8 core/ARMCM4_STM32F4/timer.o
                0x0000000008000ac8                HAL_GetTick
 .text.SysTick_Handler
                0x0000000008000ad0        0x2 core/ARMCM4_STM32F4/timer.o
                0x0000000008000ad0                SysTick_Handler
 .text.AssertFailure
                0x0000000008000ad2        0x8 core/assert.o
                0x0000000008000ad2                AssertFailure
 *fill*         0x0000000008000ada        0x2 
 .text.BackDoorCheck
                0x0000000008000adc       0x50 core/backdoor.o
                0x0000000008000adc                BackDoorCheck
 .text.BackDoorRestartTimer
                0x0000000008000b2c       0x20 core/backdoor.o
                0x0000000008000b2c                BackDoorRestartTimer
 .text.BackDoorInit
                0x0000000008000b4c       0x18 core/backdoor.o
                0x0000000008000b4c                BackDoorInit
 .text.BootInit
                0x0000000008000b64       0x20 core/boot.o
                0x0000000008000b64                BootInit
 .text.BootTask
                0x0000000008000b84       0x18 core/boot.o
                0x0000000008000b84                BootTask
 .text.ComInit  0x0000000008000b9c       0x18 core/com.o
                0x0000000008000b9c                ComInit
 .text.ComTask  0x0000000008000bb4       0x34 core/com.o
                0x0000000008000bb4                ComTask
 .text.ComFree  0x0000000008000be8        0x2 core/com.o
                0x0000000008000be8                ComFree
 *fill*         0x0000000008000bea        0x2 
 .text.ComTransmitPacket
                0x0000000008000bec       0x1c core/com.o
                0x0000000008000bec                ComTransmitPacket
 .text.ComGetActiveInterfaceMaxRxLen
                0x0000000008000c08       0x24 core/com.o
                0x0000000008000c08                ComGetActiveInterfaceMaxRxLen
 .text.ComGetActiveInterfaceMaxTxLen
                0x0000000008000c2c       0x24 core/com.o
                0x0000000008000c2c                ComGetActiveInterfaceMaxTxLen
 .text.ComIsConnected
                0x0000000008000c50       0x10 core/com.o
                0x0000000008000c50                ComIsConnected
 .text.CopInit  0x0000000008000c60        0x8 core/cop.o
                0x0000000008000c60                CopInit
 .text.CopService
                0x0000000008000c68        0x8 core/cop.o
                0x0000000008000c68                CopService
 .text.FileLibLongToIntString
                0x0000000008000c70       0x40 core/file.o
 .text.FileLibByteNibbleToChar
                0x0000000008000cb0       0x2c core/file.o
 .text.FileLibByteToHexString
                0x0000000008000cdc       0x20 core/file.o
 .text.FileLibHexStringToByte
                0x0000000008000cfc       0x5a core/file.o
 *fill*         0x0000000008000d56        0x2 
 .text.FileInit
                0x0000000008000d58       0x30 core/file.o
                0x0000000008000d58                FileInit
 .text.FileIsIdle
                0x0000000008000d88       0x14 core/file.o
                0x0000000008000d88                FileIsIdle
 .text.FileHandleFirmwareUpdateRequest
                0x0000000008000d9c       0x30 core/file.o
                0x0000000008000d9c                FileHandleFirmwareUpdateRequest
 .text.FileSrecGetLineType
                0x0000000008000dcc       0x52 core/file.o
                0x0000000008000dcc                FileSrecGetLineType
 .text.FileSrecVerifyChecksum
                0x0000000008000e1e       0x3a core/file.o
                0x0000000008000e1e                FileSrecVerifyChecksum
 .text.FileSrecParseLine
                0x0000000008000e58      0x138 core/file.o
                0x0000000008000e58                FileSrecParseLine
 .text.FileTask
                0x0000000008000f90      0x424 core/file.o
                0x0000000008000f90                FileTask
 .text.XcpProtectResources
                0x00000000080013b4        0xc core/xcp.o
 .text.XcpSetCtoError
                0x00000000080013c0       0x14 core/xcp.o
 .text.XcpCmdDisconnect
                0x00000000080013d4       0x1c core/xcp.o
 .text.XcpCmdGetStatus
                0x00000000080013f0       0x20 core/xcp.o
 .text.XcpCmdSynch
                0x0000000008001410        0xa core/xcp.o
 *fill*         0x000000000800141a        0x2 
 .text.XcpCmdGetId
                0x000000000800141c       0x28 core/xcp.o
 .text.XcpCmdSetMta
                0x0000000008001444       0x18 core/xcp.o
 .text.XcpCmdProgramPrepare
                0x000000000800145c        0xa core/xcp.o
 *fill*         0x0000000008001466        0x2 
 .text.XcpCmdProgramStart
                0x0000000008001468       0x28 core/xcp.o
 .text.XcpCmdConnect
                0x0000000008001490       0x50 core/xcp.o
 .text.XcpCmdUpload
                0x00000000080014e0       0x40 core/xcp.o
 .text.XcpCmdShortUpload
                0x0000000008001520       0x40 core/xcp.o
 .text.XcpComputeChecksum
                0x0000000008001560       0x24 core/xcp.o
 .text.XcpCmdBuildCheckSum
                0x0000000008001584       0x28 core/xcp.o
 .text.XcpCmdProgramMax
                0x00000000080015ac       0x40 core/xcp.o
 .text.XcpCmdProgram
                0x00000000080015ec       0x5c core/xcp.o
 .text.XcpCmdProgramClear
                0x0000000008001648       0x28 core/xcp.o
 .text.XcpCmdProgramReset
                0x0000000008001670       0x18 core/xcp.o
 .text.XcpTransmitPacket
                0x0000000008001688        0xa core/xcp.o
 *fill*         0x0000000008001692        0x2 
 .text.XcpInit  0x0000000008001694       0x1c core/xcp.o
                0x0000000008001694                XcpInit
 .text.XcpIsConnected
                0x00000000080016b0       0x14 core/xcp.o
                0x00000000080016b0                XcpIsConnected
 .text.XcpPacketTransmitted
                0x00000000080016c4       0x10 core/xcp.o
                0x00000000080016c4                XcpPacketTransmitted
 .text.XcpPacketReceived
                0x00000000080016d4       0xe4 core/xcp.o
                0x00000000080016d4                XcpPacketReceived
 .text.ld_word  0x00000000080017b8        0xa core/third_party/fatfs/src/ff.o
 .text.ld_dword
                0x00000000080017c2       0x16 core/third_party/fatfs/src/ff.o
 .text.st_word  0x00000000080017d8        0x8 core/third_party/fatfs/src/ff.o
 .text.st_dword
                0x00000000080017e0       0x14 core/third_party/fatfs/src/ff.o
 .text.mem_cpy  0x00000000080017f4       0x12 core/third_party/fatfs/src/ff.o
 .text.mem_set  0x0000000008001806        0xa core/third_party/fatfs/src/ff.o
 .text.mem_cmp  0x0000000008001810       0x1e core/third_party/fatfs/src/ff.o
 .text.chk_chr  0x000000000800182e       0x10 core/third_party/fatfs/src/ff.o
 .text.clust2sect
                0x000000000800183e       0x18 core/third_party/fatfs/src/ff.o
 .text.ld_clust
                0x0000000008001856       0x26 core/third_party/fatfs/src/ff.o
 .text.st_clust
                0x000000000800187c       0x26 core/third_party/fatfs/src/ff.o
 *fill*         0x00000000080018a2        0x2 
 .text.pick_lfn
                0x00000000080018a4       0x88 core/third_party/fatfs/src/ff.o
 .text.put_lfn  0x000000000800192c       0x78 core/third_party/fatfs/src/ff.o
 .text.gen_numname
                0x00000000080019a4       0xa0 core/third_party/fatfs/src/ff.o
 .text.sum_sfn  0x0000000008001a44       0x1c core/third_party/fatfs/src/ff.o
 .text.get_ldnumber
                0x0000000008001a60       0x54 core/third_party/fatfs/src/ff.o
 .text.validate
                0x0000000008001ab4       0x34 core/third_party/fatfs/src/ff.o
 .text.sync_window
                0x0000000008001ae8       0x54 core/third_party/fatfs/src/ff.o
 .text.move_window
                0x0000000008001b3c       0x34 core/third_party/fatfs/src/ff.o
 .text.check_fs
                0x0000000008001b70       0x60 core/third_party/fatfs/src/ff.o
 .text.find_volume
                0x0000000008001bd0      0x300 core/third_party/fatfs/src/ff.o
 .text.get_fat  0x0000000008001ed0       0xce core/third_party/fatfs/src/ff.o
 .text.dir_sdi  0x0000000008001f9e       0xa2 core/third_party/fatfs/src/ff.o
 .text.put_fat  0x0000000008002040      0x10e core/third_party/fatfs/src/ff.o
 .text.create_chain
                0x000000000800214e       0xc4 core/third_party/fatfs/src/ff.o
 .text.remove_chain
                0x0000000008002212       0x7e core/third_party/fatfs/src/ff.o
 .text.dir_next
                0x0000000008002290      0x10a core/third_party/fatfs/src/ff.o
 .text.dir_alloc
                0x000000000800239a       0x50 core/third_party/fatfs/src/ff.o
 .text.dir_read
                0x00000000080023ea       0xbc core/third_party/fatfs/src/ff.o
 .text.dir_remove
                0x00000000080024a6       0x52 core/third_party/fatfs/src/ff.o
 .text.create_name
                0x00000000080024f8      0x228 core/third_party/fatfs/src/ff.o
 .text.get_fileinfo
                0x0000000008002720       0xe6 core/third_party/fatfs/src/ff.o
 *fill*         0x0000000008002806        0x2 
 .text.cmp_lfn  0x0000000008002808       0xa4 core/third_party/fatfs/src/ff.o
 .text.dir_find
                0x00000000080028ac       0xda core/third_party/fatfs/src/ff.o
 .text.follow_path
                0x0000000008002986       0x8a core/third_party/fatfs/src/ff.o
 .text.dir_register
                0x0000000008002a10      0x144 core/third_party/fatfs/src/ff.o
 .text.sync_fs  0x0000000008002b54       0x8c core/third_party/fatfs/src/ff.o
 .text.f_mount  0x0000000008002be0       0x58 core/third_party/fatfs/src/ff.o
                0x0000000008002be0                f_mount
 .text.f_open   0x0000000008002c38      0x178 core/third_party/fatfs/src/ff.o
                0x0000000008002c38                f_open
 .text.f_read   0x0000000008002db0      0x17e core/third_party/fatfs/src/ff.o
                0x0000000008002db0                f_read
 .text.f_write  0x0000000008002f2e      0x1b6 core/third_party/fatfs/src/ff.o
                0x0000000008002f2e                f_write
 .text.putc_bfd
                0x00000000080030e4       0x4e core/third_party/fatfs/src/ff.o
 *fill*         0x0000000008003132        0x2 
 .text.f_sync   0x0000000008003134       0x9c core/third_party/fatfs/src/ff.o
                0x0000000008003134                f_sync
 .text.f_close  0x00000000080031d0       0x28 core/third_party/fatfs/src/ff.o
                0x00000000080031d0                f_close
 .text.f_lseek  0x00000000080031f8      0x174 core/third_party/fatfs/src/ff.o
                0x00000000080031f8                f_lseek
 .text.f_stat   0x000000000800336c       0x54 core/third_party/fatfs/src/ff.o
                0x000000000800336c                f_stat
 .text.f_unlink
                0x00000000080033c0       0xbc core/third_party/fatfs/src/ff.o
                0x00000000080033c0                f_unlink
 .text.f_gets   0x000000000800347c       0x54 core/third_party/fatfs/src/ff.o
                0x000000000800347c                f_gets
 .text.f_puts   0x00000000080034d0       0x50 core/third_party/fatfs/src/ff.o
                0x00000000080034d0                f_puts
 .text.ff_convert
                0x0000000008003520       0x38 core/third_party/fatfs/src/option/unicode.o
                0x0000000008003520                ff_convert
 .text.ff_wtoupper
                0x0000000008003558       0x9c core/third_party/fatfs/src/option/unicode.o
                0x0000000008003558                ff_wtoupper
 .text.CpuUserProgramStartHook
                0x00000000080035f4       0x1c hooks.o
                0x00000000080035f4                CpuUserProgramStartHook
 .text.CopInitHook
                0x0000000008003610        0xa hooks.o
                0x0000000008003610                CopInitHook
 .text.CopServiceHook
                0x000000000800361a        0x8 hooks.o
                0x000000000800361a                CopServiceHook
 *fill*         0x0000000008003622        0x2 
 .text.FileIsFirmwareUpdateRequestedHook
                0x0000000008003624       0x3c hooks.o
                0x0000000008003624                FileIsFirmwareUpdateRequestedHook
 .text.FileGetFirmwareFilenameHook
                0x0000000008003660        0x8 hooks.o
                0x0000000008003660                FileGetFirmwareFilenameHook
 .text.FileFirmwareUpdateStartedHook
                0x0000000008003668       0x28 hooks.o
                0x0000000008003668                FileFirmwareUpdateStartedHook
 .text.FileFirmwareUpdateCompletedHook
                0x0000000008003690       0x44 hooks.o
                0x0000000008003690                FileFirmwareUpdateCompletedHook
 .text.FileFirmwareUpdateErrorHook
                0x00000000080036d4       0x1c hooks.o
                0x00000000080036d4                FileFirmwareUpdateErrorHook
 .text.FileFirmwareUpdateLogHook
                0x00000000080036f0       0x5c hooks.o
                0x00000000080036f0                FileFirmwareUpdateLogHook
 .text.LedBlinkInit
                0x000000000800374c        0xc led.o
                0x000000000800374c                LedBlinkInit
 .text.LedBlinkTask
                0x0000000008003758       0x54 led.o
                0x0000000008003758                LedBlinkTask
 .text.LedBlinkExit
                0x00000000080037ac       0x10 led.o
                0x00000000080037ac                LedBlinkExit
 .text.SystemClock_Config
                0x00000000080037bc       0xcc main.o
 .text.Init     0x0000000008003888        0xc main.o
 .text.main     0x0000000008003894       0x10 main.o
                0x0000000008003894                main
 .text.HAL_MspInit
                0x00000000080038a4       0xe4 main.o
                0x00000000080038a4                HAL_MspInit
 .text.HAL_MspDeInit
                0x0000000008003988       0x70 main.o
                0x0000000008003988                HAL_MspDeInit
 .text.Reset_Handler
                0x00000000080039f8       0x50 startup_stm32f407xx.o
                0x00000000080039f8                Reset_Handler
 .text.Default_Handler
                0x0000000008003a48        0x2 startup_stm32f407xx.o
                0x0000000008003a48                RTC_Alarm_IRQHandler
                0x0000000008003a48                HASH_RNG_IRQHandler
                0x0000000008003a48                EXTI2_IRQHandler
                0x0000000008003a48                TIM8_CC_IRQHandler
                0x0000000008003a48                DebugMon_Handler
                0x0000000008003a48                TIM1_CC_IRQHandler
                0x0000000008003a48                DMA2_Stream5_IRQHandler
                0x0000000008003a48                HardFault_Handler
                0x0000000008003a48                DMA1_Stream5_IRQHandler
                0x0000000008003a48                PVD_IRQHandler
                0x0000000008003a48                SDIO_IRQHandler
                0x0000000008003a48                TAMP_STAMP_IRQHandler
                0x0000000008003a48                PendSV_Handler
                0x0000000008003a48                NMI_Handler
                0x0000000008003a48                CAN2_RX1_IRQHandler
                0x0000000008003a48                EXTI3_IRQHandler
                0x0000000008003a48                TIM8_TRG_COM_TIM14_IRQHandler
                0x0000000008003a48                TIM1_UP_TIM10_IRQHandler
                0x0000000008003a48                TIM8_UP_TIM13_IRQHandler
                0x0000000008003a48                I2C3_ER_IRQHandler
                0x0000000008003a48                EXTI0_IRQHandler
                0x0000000008003a48                I2C2_EV_IRQHandler
                0x0000000008003a48                DMA1_Stream2_IRQHandler
                0x0000000008003a48                CAN1_RX0_IRQHandler
                0x0000000008003a48                FPU_IRQHandler
                0x0000000008003a48                OTG_HS_WKUP_IRQHandler
                0x0000000008003a48                UsageFault_Handler
                0x0000000008003a48                CAN2_SCE_IRQHandler
                0x0000000008003a48                DMA2_Stream2_IRQHandler
                0x0000000008003a48                SPI1_IRQHandler
                0x0000000008003a48                TIM6_DAC_IRQHandler
                0x0000000008003a48                TIM1_BRK_TIM9_IRQHandler
                0x0000000008003a48                DCMI_IRQHandler
                0x0000000008003a48                CAN2_RX0_IRQHandler
                0x0000000008003a48                DMA2_Stream3_IRQHandler
                0x0000000008003a48                USART6_IRQHandler
                0x0000000008003a48                USART3_IRQHandler
                0x0000000008003a48                CAN1_RX1_IRQHandler
                0x0000000008003a48                UART5_IRQHandler
                0x0000000008003a48                DMA2_Stream0_IRQHandler
                0x0000000008003a48                TIM4_IRQHandler
                0x0000000008003a48                I2C1_EV_IRQHandler
                0x0000000008003a48                DMA1_Stream6_IRQHandler
                0x0000000008003a48                DMA1_Stream1_IRQHandler
                0x0000000008003a48                UART4_IRQHandler
                0x0000000008003a48                TIM3_IRQHandler
                0x0000000008003a48                RCC_IRQHandler
                0x0000000008003a48                TIM8_BRK_TIM12_IRQHandler
                0x0000000008003a48                Default_Handler
                0x0000000008003a48                EXTI15_10_IRQHandler
                0x0000000008003a48                ADC_IRQHandler
                0x0000000008003a48                DMA1_Stream7_IRQHandler
                0x0000000008003a48                TIM7_IRQHandler
                0x0000000008003a48                CAN2_TX_IRQHandler
                0x0000000008003a48                TIM5_IRQHandler
                0x0000000008003a48                DMA2_Stream7_IRQHandler
                0x0000000008003a48                I2C3_EV_IRQHandler
                0x0000000008003a48                EXTI9_5_IRQHandler
                0x0000000008003a48                RTC_WKUP_IRQHandler
                0x0000000008003a48                ETH_WKUP_IRQHandler
                0x0000000008003a48                SPI2_IRQHandler
                0x0000000008003a48                OTG_HS_EP1_IN_IRQHandler
                0x0000000008003a48                MemManage_Handler
                0x0000000008003a48                DMA1_Stream0_IRQHandler
                0x0000000008003a48                CAN1_TX_IRQHandler
                0x0000000008003a48                SVC_Handler
                0x0000000008003a48                EXTI4_IRQHandler
                0x0000000008003a48                FSMC_IRQHandler
                0x0000000008003a48                ETH_IRQHandler
                0x0000000008003a48                OTG_HS_EP1_OUT_IRQHandler
                0x0000000008003a48                WWDG_IRQHandler
                0x0000000008003a48                TIM2_IRQHandler
                0x0000000008003a48                OTG_FS_WKUP_IRQHandler
                0x0000000008003a48                TIM1_TRG_COM_TIM11_IRQHandler
                0x0000000008003a48                OTG_HS_IRQHandler
                0x0000000008003a48                EXTI1_IRQHandler
                0x0000000008003a48                USART2_IRQHandler
                0x0000000008003a48                I2C2_ER_IRQHandler
                0x0000000008003a48                DMA2_Stream1_IRQHandler
                0x0000000008003a48                CAN1_SCE_IRQHandler
                0x0000000008003a48                FLASH_IRQHandler
                0x0000000008003a48                DMA2_Stream4_IRQHandler
                0x0000000008003a48                BusFault_Handler
                0x0000000008003a48                USART1_IRQHandler
                0x0000000008003a48                OTG_FS_IRQHandler
                0x0000000008003a48                SPI3_IRQHandler
                0x0000000008003a48                DMA1_Stream4_IRQHandler
                0x0000000008003a48                I2C1_ER_IRQHandler
                0x0000000008003a48                DMA2_Stream6_IRQHandler
                0x0000000008003a48                DMA1_Stream3_IRQHandler
 *fill*         0x0000000008003a4a        0x2 
 .text.HAL_DeInit
                0x0000000008003a4c       0x2c lib/STM32F4xx_HAL_Driver/Src/stm32f4xx_hal.o
                0x0000000008003a4c                HAL_DeInit
 .text.HAL_InitTick
                0x0000000008003a78       0x4c lib/STM32F4xx_HAL_Driver/Src/stm32f4xx_hal.o
                0x0000000008003a78                HAL_InitTick
 .text.HAL_Init
                0x0000000008003ac4       0x34 lib/STM32F4xx_HAL_Driver/Src/stm32f4xx_hal.o
                0x0000000008003ac4                HAL_Init
 .text.HAL_Delay
                0x0000000008003af8       0x28 lib/STM32F4xx_HAL_Driver/Src/stm32f4xx_hal.o
                0x0000000008003af8                HAL_Delay
 .text.HAL_NVIC_SetPriorityGrouping
                0x0000000008003b20       0x24 lib/STM32F4xx_HAL_Driver/Src/stm32f4xx_hal_cortex.o
                0x0000000008003b20                HAL_NVIC_SetPriorityGrouping
 .text.HAL_NVIC_SetPriority
                0x0000000008003b44       0x68 lib/STM32F4xx_HAL_Driver/Src/stm32f4xx_hal_cortex.o
                0x0000000008003b44                HAL_NVIC_SetPriority
 .text.HAL_SYSTICK_Config
                0x0000000008003bac       0x2c lib/STM32F4xx_HAL_Driver/Src/stm32f4xx_hal_cortex.o
                0x0000000008003bac                HAL_SYSTICK_Config
 .text.FLASH_Program_DoubleWord
                0x0000000008003bd8       0x30 lib/STM32F4xx_HAL_Driver/Src/stm32f4xx_hal_flash.o
 .text.FLASH_Program_Word
                0x0000000008003c08       0x24 lib/STM32F4xx_HAL_Driver/Src/stm32f4xx_hal_flash.o
 .text.FLASH_Program_HalfWord
                0x0000000008003c2c       0x24 lib/STM32F4xx_HAL_Driver/Src/stm32f4xx_hal_flash.o
 .text.FLASH_Program_Byte
                0x0000000008003c50       0x20 lib/STM32F4xx_HAL_Driver/Src/stm32f4xx_hal_flash.o
 .text.FLASH_SetErrorCode
                0x0000000008003c70       0x8c lib/STM32F4xx_HAL_Driver/Src/stm32f4xx_hal_flash.o
 .text.HAL_FLASH_Unlock
                0x0000000008003cfc       0x30 lib/STM32F4xx_HAL_Driver/Src/stm32f4xx_hal_flash.o
                0x0000000008003cfc                HAL_FLASH_Unlock
 .text.HAL_FLASH_Lock
                0x0000000008003d2c       0x14 lib/STM32F4xx_HAL_Driver/Src/stm32f4xx_hal_flash.o
                0x0000000008003d2c                HAL_FLASH_Lock
 .text.FLASH_WaitForLastOperation
                0x0000000008003d40       0x64 lib/STM32F4xx_HAL_Driver/Src/stm32f4xx_hal_flash.o
                0x0000000008003d40                FLASH_WaitForLastOperation
 .text.HAL_FLASH_Program
                0x0000000008003da4       0x80 lib/STM32F4xx_HAL_Driver/Src/stm32f4xx_hal_flash.o
                0x0000000008003da4                HAL_FLASH_Program
 .text.FLASH_MassErase
                0x0000000008003e24       0x24 lib/STM32F4xx_HAL_Driver/Src/stm32f4xx_hal_flash_ex.o
 .text.FLASH_Erase_Sector
                0x0000000008003e48       0x58 lib/STM32F4xx_HAL_Driver/Src/stm32f4xx_hal_flash_ex.o
                0x0000000008003e48                FLASH_Erase_Sector
 .text.FLASH_FlushCaches
                0x0000000008003ea0       0x60 lib/STM32F4xx_HAL_Driver/Src/stm32f4xx_hal_flash_ex.o
                0x0000000008003ea0                FLASH_FlushCaches
 .text.HAL_FLASHEx_Erase
                0x0000000008003f00       0x94 lib/STM32F4xx_HAL_Driver/Src/stm32f4xx_hal_flash_ex.o
                0x0000000008003f00                HAL_FLASHEx_Erase
 .text.SD_PowerON
                0x0000000008003f94       0xc0 lib/STM32F4xx_HAL_Driver/Src/stm32f4xx_hal_sd.o
 .text.SD_FindSCR
                0x0000000008004054      0x106 lib/STM32F4xx_HAL_Driver/Src/stm32f4xx_hal_sd.o
 .text.SD_WideBus_Enable
                0x000000000800415a       0x56 lib/STM32F4xx_HAL_Driver/Src/stm32f4xx_hal_sd.o
 .text.SD_WideBus_Disable
                0x00000000080041b0       0x56 lib/STM32F4xx_HAL_Driver/Src/stm32f4xx_hal_sd.o
 .text.SD_SendStatus
                0x0000000008004206       0x2c lib/STM32F4xx_HAL_Driver/Src/stm32f4xx_hal_sd.o
 *fill*         0x0000000008004232        0x2 
 .text.HAL_SD_ReadBlocks
                0x0000000008004234      0x268 lib/STM32F4xx_HAL_Driver/Src/stm32f4xx_hal_sd.o
                0x0000000008004234                HAL_SD_ReadBlocks
 .text.HAL_SD_WriteBlocks
                0x000000000800449c      0x214 lib/STM32F4xx_HAL_Driver/Src/stm32f4xx_hal_sd.o
                0x000000000800449c                HAL_SD_WriteBlocks
 .text.HAL_SD_GetCardCSD
                0x00000000080046b0      0x1bc lib/STM32F4xx_HAL_Driver/Src/stm32f4xx_hal_sd.o
                0x00000000080046b0                HAL_SD_GetCardCSD
 .text.SD_InitCard
                0x000000000800486c      0x100 lib/STM32F4xx_HAL_Driver/Src/stm32f4xx_hal_sd.o
 .text.HAL_SD_InitCard
                0x000000000800496c       0x7c lib/STM32F4xx_HAL_Driver/Src/stm32f4xx_hal_sd.o
                0x000000000800496c                HAL_SD_InitCard
 .text.HAL_SD_Init
                0x00000000080049e8       0x3e lib/STM32F4xx_HAL_Driver/Src/stm32f4xx_hal_sd.o
                0x00000000080049e8                HAL_SD_Init
 .text.HAL_SD_GetCardInfo
                0x0000000008004a26       0x24 lib/STM32F4xx_HAL_Driver/Src/stm32f4xx_hal_sd.o
                0x0000000008004a26                HAL_SD_GetCardInfo
 *fill*         0x0000000008004a4a        0x2 
 .text.HAL_SD_ConfigWideBusOperation
                0x0000000008004a4c       0xa4 lib/STM32F4xx_HAL_Driver/Src/stm32f4xx_hal_sd.o
                0x0000000008004a4c                HAL_SD_ConfigWideBusOperation
 .text.HAL_SD_GetCardState
                0x0000000008004af0       0x26 lib/STM32F4xx_HAL_Driver/Src/stm32f4xx_hal_sd.o
                0x0000000008004af0                HAL_SD_GetCardState
 *fill*         0x0000000008004b16        0x2 
 .text.LL_GPIO_DeInit
                0x0000000008004b18      0x138 lib/STM32F4xx_HAL_Driver/Src/stm32f4xx_ll_gpio.o
                0x0000000008004b18                LL_GPIO_DeInit
 .text.LL_GPIO_Init
                0x0000000008004c50      0x12c lib/STM32F4xx_HAL_Driver/Src/stm32f4xx_ll_gpio.o
                0x0000000008004c50                LL_GPIO_Init
 .text.LL_RCC_DeInit
                0x0000000008004d7c       0x9c lib/STM32F4xx_HAL_Driver/Src/stm32f4xx_ll_rcc.o
                0x0000000008004d7c                LL_RCC_DeInit
 .text.RCC_GetHCLKClockFreq
                0x0000000008004e18       0x18 lib/STM32F4xx_HAL_Driver/Src/stm32f4xx_ll_rcc.o
                0x0000000008004e18                RCC_GetHCLKClockFreq
 .text.RCC_GetPCLK1ClockFreq
                0x0000000008004e30       0x18 lib/STM32F4xx_HAL_Driver/Src/stm32f4xx_ll_rcc.o
                0x0000000008004e30                RCC_GetPCLK1ClockFreq
 .text.RCC_GetPCLK2ClockFreq
                0x0000000008004e48       0x18 lib/STM32F4xx_HAL_Driver/Src/stm32f4xx_ll_rcc.o
                0x0000000008004e48                RCC_GetPCLK2ClockFreq
 .text.RCC_PLL_GetFreqDomain_SYS
                0x0000000008004e60       0x4c lib/STM32F4xx_HAL_Driver/Src/stm32f4xx_ll_rcc.o
                0x0000000008004e60                RCC_PLL_GetFreqDomain_SYS
 .text.RCC_GetSystemClockFreq
                0x0000000008004eac       0x30 lib/STM32F4xx_HAL_Driver/Src/stm32f4xx_ll_rcc.o
                0x0000000008004eac                RCC_GetSystemClockFreq
 .text.LL_RCC_GetSystemClocksFreq
                0x0000000008004edc       0x20 lib/STM32F4xx_HAL_Driver/Src/stm32f4xx_ll_rcc.o
                0x0000000008004edc                LL_RCC_GetSystemClocksFreq
 .text.SDMMC_GetCmdError
                0x0000000008004efc       0x38 lib/STM32F4xx_HAL_Driver/Src/stm32f4xx_ll_sdmmc.o
 .text.SDMMC_GetCmdResp2
                0x0000000008004f34       0x60 lib/STM32F4xx_HAL_Driver/Src/stm32f4xx_ll_sdmmc.o
 .text.SDMMC_GetCmdResp3
                0x0000000008004f94       0x50 lib/STM32F4xx_HAL_Driver/Src/stm32f4xx_ll_sdmmc.o
 .text.SDMMC_GetCmdResp7
                0x0000000008004fe4       0x6c lib/STM32F4xx_HAL_Driver/Src/stm32f4xx_ll_sdmmc.o
 .text.SDIO_Init
                0x0000000008005050       0x38 lib/STM32F4xx_HAL_Driver/Src/stm32f4xx_ll_sdmmc.o
                0x0000000008005050                SDIO_Init
 .text.SDIO_ReadFIFO
                0x0000000008005088        0x6 lib/STM32F4xx_HAL_Driver/Src/stm32f4xx_ll_sdmmc.o
                0x0000000008005088                SDIO_ReadFIFO
 .text.SDIO_WriteFIFO
                0x000000000800508e        0xa lib/STM32F4xx_HAL_Driver/Src/stm32f4xx_ll_sdmmc.o
                0x000000000800508e                SDIO_WriteFIFO
 .text.SDIO_PowerState_ON
                0x0000000008005098       0x10 lib/STM32F4xx_HAL_Driver/Src/stm32f4xx_ll_sdmmc.o
                0x0000000008005098                SDIO_PowerState_ON
 .text.SDIO_GetPowerState
                0x00000000080050a8        0x8 lib/STM32F4xx_HAL_Driver/Src/stm32f4xx_ll_sdmmc.o
                0x00000000080050a8                SDIO_GetPowerState
 .text.SDIO_SendCommand
                0x00000000080050b0       0x24 lib/STM32F4xx_HAL_Driver/Src/stm32f4xx_ll_sdmmc.o
                0x00000000080050b0                SDIO_SendCommand
 .text.SDIO_GetCommandResponse
                0x00000000080050d4        0x6 lib/STM32F4xx_HAL_Driver/Src/stm32f4xx_ll_sdmmc.o
                0x00000000080050d4                SDIO_GetCommandResponse
 .text.SDIO_GetResponse
                0x00000000080050da        0x6 lib/STM32F4xx_HAL_Driver/Src/stm32f4xx_ll_sdmmc.o
                0x00000000080050da                SDIO_GetResponse
 .text.SDMMC_GetCmdResp1
                0x00000000080050e0      0x158 lib/STM32F4xx_HAL_Driver/Src/stm32f4xx_ll_sdmmc.o
 .text.SDMMC_GetCmdResp6
                0x0000000008005238       0xa4 lib/STM32F4xx_HAL_Driver/Src/stm32f4xx_ll_sdmmc.o
 .text.SDIO_ConfigData
                0x00000000080052dc       0x24 lib/STM32F4xx_HAL_Driver/Src/stm32f4xx_ll_sdmmc.o
                0x00000000080052dc                SDIO_ConfigData
 .text.SDMMC_CmdBlockLength
                0x0000000008005300       0x30 lib/STM32F4xx_HAL_Driver/Src/stm32f4xx_ll_sdmmc.o
                0x0000000008005300                SDMMC_CmdBlockLength
 .text.SDMMC_CmdReadSingleBlock
                0x0000000008005330       0x30 lib/STM32F4xx_HAL_Driver/Src/stm32f4xx_ll_sdmmc.o
                0x0000000008005330                SDMMC_CmdReadSingleBlock
 .text.SDMMC_CmdReadMultiBlock
                0x0000000008005360       0x30 lib/STM32F4xx_HAL_Driver/Src/stm32f4xx_ll_sdmmc.o
                0x0000000008005360                SDMMC_CmdReadMultiBlock
 .text.SDMMC_CmdWriteSingleBlock
                0x0000000008005390       0x30 lib/STM32F4xx_HAL_Driver/Src/stm32f4xx_ll_sdmmc.o
                0x0000000008005390                SDMMC_CmdWriteSingleBlock
 .text.SDMMC_CmdWriteMultiBlock
                0x00000000080053c0       0x30 lib/STM32F4xx_HAL_Driver/Src/stm32f4xx_ll_sdmmc.o
                0x00000000080053c0                SDMMC_CmdWriteMultiBlock
 .text.SDMMC_CmdStopTransfer
                0x00000000080053f0       0x34 lib/STM32F4xx_HAL_Driver/Src/stm32f4xx_ll_sdmmc.o
                0x00000000080053f0                SDMMC_CmdStopTransfer
 .text.SDMMC_CmdSelDesel
                0x0000000008005424       0x30 lib/STM32F4xx_HAL_Driver/Src/stm32f4xx_ll_sdmmc.o
                0x0000000008005424                SDMMC_CmdSelDesel
 .text.SDMMC_CmdGoIdleState
                0x0000000008005454       0x26 lib/STM32F4xx_HAL_Driver/Src/stm32f4xx_ll_sdmmc.o
                0x0000000008005454                SDMMC_CmdGoIdleState
 .text.SDMMC_CmdOperCond
                0x000000000800547a       0x2e lib/STM32F4xx_HAL_Driver/Src/stm32f4xx_ll_sdmmc.o
                0x000000000800547a                SDMMC_CmdOperCond
 .text.SDMMC_CmdAppCommand
                0x00000000080054a8       0x30 lib/STM32F4xx_HAL_Driver/Src/stm32f4xx_ll_sdmmc.o
                0x00000000080054a8                SDMMC_CmdAppCommand
 .text.SDMMC_CmdAppOperCommand
                0x00000000080054d8       0x32 lib/STM32F4xx_HAL_Driver/Src/stm32f4xx_ll_sdmmc.o
                0x00000000080054d8                SDMMC_CmdAppOperCommand
 .text.SDMMC_CmdBusWidth
                0x000000000800550a       0x30 lib/STM32F4xx_HAL_Driver/Src/stm32f4xx_ll_sdmmc.o
                0x000000000800550a                SDMMC_CmdBusWidth
 .text.SDMMC_CmdSendSCR
                0x000000000800553a       0x30 lib/STM32F4xx_HAL_Driver/Src/stm32f4xx_ll_sdmmc.o
                0x000000000800553a                SDMMC_CmdSendSCR
 .text.SDMMC_CmdSendCID
                0x000000000800556a       0x2a lib/STM32F4xx_HAL_Driver/Src/stm32f4xx_ll_sdmmc.o
                0x000000000800556a                SDMMC_CmdSendCID
 .text.SDMMC_CmdSendCSD
                0x0000000008005594       0x2a lib/STM32F4xx_HAL_Driver/Src/stm32f4xx_ll_sdmmc.o
                0x0000000008005594                SDMMC_CmdSendCSD
 .text.SDMMC_CmdSetRelAdd
                0x00000000080055be       0x30 lib/STM32F4xx_HAL_Driver/Src/stm32f4xx_ll_sdmmc.o
                0x00000000080055be                SDMMC_CmdSetRelAdd
 .text.SDMMC_CmdSendStatus
                0x00000000080055ee       0x30 lib/STM32F4xx_HAL_Driver/Src/stm32f4xx_ll_sdmmc.o
                0x00000000080055ee                SDMMC_CmdSendStatus
 *fill*         0x000000000800561e        0x2 
 .text.LL_USART_Init
                0x0000000008005620      0x194 lib/STM32F4xx_HAL_Driver/Src/stm32f4xx_ll_usart.o
                0x0000000008005620                LL_USART_Init
 .text.LL_SetSystemCoreClock
                0x00000000080057b4        0xc lib/STM32F4xx_HAL_Driver/Src/stm32f4xx_ll_utils.o
                0x00000000080057b4                LL_SetSystemCoreClock
 .text.HAL_SD_MspInit
                0x00000000080057c0       0x84 lib/fatfs/bsp_driver_sd.o
                0x00000000080057c0                HAL_SD_MspInit
 .text.BSP_SD_ReadBlocks
                0x0000000008005844       0x20 lib/fatfs/bsp_driver_sd.o
                0x0000000008005844                BSP_SD_ReadBlocks
 .text.BSP_SD_WriteBlocks
                0x0000000008005864       0x20 lib/fatfs/bsp_driver_sd.o
                0x0000000008005864                BSP_SD_WriteBlocks
 .text.BSP_SD_GetCardState
                0x0000000008005884       0x14 lib/fatfs/bsp_driver_sd.o
                0x0000000008005884                BSP_SD_GetCardState
 .text.BSP_SD_GetCardInfo
                0x0000000008005898       0x10 lib/fatfs/bsp_driver_sd.o
                0x0000000008005898                BSP_SD_GetCardInfo
 .text.BSP_SD_IsDetected
                0x00000000080058a8       0x10 lib/fatfs/bsp_driver_sd.o
                0x00000000080058a8                BSP_SD_IsDetected
 .text.BSP_SD_Init
                0x00000000080058b8       0x4c lib/fatfs/bsp_driver_sd.o
                0x00000000080058b8                BSP_SD_Init
 .text.disk_initialize
                0x0000000008005904       0x20 lib/fatfs/mmc.o
                0x0000000008005904                disk_initialize
 .text.disk_status
                0x0000000008005924        0xa lib/fatfs/mmc.o
                0x0000000008005924                disk_status
 .text.disk_read
                0x000000000800592e        0xa lib/fatfs/mmc.o
                0x000000000800592e                disk_read
 .text.disk_write
                0x0000000008005938        0xa lib/fatfs/mmc.o
                0x0000000008005938                disk_write
 .text.disk_ioctl
                0x0000000008005942        0xa lib/fatfs/mmc.o
                0x0000000008005942                disk_ioctl
 .text.SD_CheckStatus
                0x000000000800594c       0x24 lib/fatfs/sd_diskio.o
 .text.SD_initialize
                0x0000000008005970       0x28 lib/fatfs/sd_diskio.o
                0x0000000008005970                SD_initialize
 .text.SD_status
                0x0000000008005998        0x8 lib/fatfs/sd_diskio.o
                0x0000000008005998                SD_status
 .text.SD_read  0x00000000080059a0       0x20 lib/fatfs/sd_diskio.o
                0x00000000080059a0                SD_read
 .text.SD_write
                0x00000000080059c0       0x20 lib/fatfs/sd_diskio.o
                0x00000000080059c0                SD_write
 .text.SD_ioctl
                0x00000000080059e0       0x5c lib/fatfs/sd_diskio.o
                0x00000000080059e0                SD_ioctl
 .text.SystemInit
                0x0000000008005a3c       0x1c lib/system_stm32f4xx.o
                0x0000000008005a3c                SystemInit
 .text.__libc_init_array
                0x0000000008005a58       0x48 c:/st/stm32cubeide_1.2.0/stm32cubeide/plugins/com.st.stm32cube.ide.mcu.externaltools.gnu-tools-for-stm32.7-2018-q2-update.win32_1.4.0.202007081208/tools/bin/../lib/gcc/arm-none-eabi/7.3.1/../../../../arm-none-eabi/lib/thumb/v7e-m/fpv4-sp/hard\libc_nano.a(lib_a-init.o)
                0x0000000008005a58                __libc_init_array
 .text.__locale_ctype_ptr
                0x0000000008005aa0       0x1c c:/st/stm32cubeide_1.2.0/stm32cubeide/plugins/com.st.stm32cube.ide.mcu.externaltools.gnu-tools-for-stm32.7-2018-q2-update.win32_1.4.0.202007081208/tools/bin/../lib/gcc/arm-none-eabi/7.3.1/../../../../arm-none-eabi/lib/thumb/v7e-m/fpv4-sp/hard\libc_nano.a(lib_a-locale.o)
                0x0000000008005aa0                __locale_ctype_ptr
 .text.__ascii_mbtowc
                0x0000000008005abc       0x24 c:/st/stm32cubeide_1.2.0/stm32cubeide/plugins/com.st.stm32cube.ide.mcu.externaltools.gnu-tools-for-stm32.7-2018-q2-update.win32_1.4.0.202007081208/tools/bin/../lib/gcc/arm-none-eabi/7.3.1/../../../../arm-none-eabi/lib/thumb/v7e-m/fpv4-sp/hard\libc_nano.a(lib_a-mbtowc_r.o)
                0x0000000008005abc                __ascii_mbtowc
 .text.memset   0x0000000008005ae0       0x10 c:/st/stm32cubeide_1.2.0/stm32cubeide/plugins/com.st.stm32cube.ide.mcu.externaltools.gnu-tools-for-stm32.7-2018-q2-update.win32_1.4.0.202007081208/tools/bin/../lib/gcc/arm-none-eabi/7.3.1/../../../../arm-none-eabi/lib/thumb/v7e-m/fpv4-sp/hard\libc_nano.a(lib_a-memset.o)
                0x0000000008005ae0                memset
 .text.__ascii_wctomb
                0x0000000008005af0       0x1a c:/st/stm32cubeide_1.2.0/stm32cubeide/plugins/com.st.stm32cube.ide.mcu.externaltools.gnu-tools-for-stm32.7-2018-q2-update.win32_1.4.0.202007081208/tools/bin/../lib/gcc/arm-none-eabi/7.3.1/../../../../arm-none-eabi/lib/thumb/v7e-m/fpv4-sp/hard\libc_nano.a(lib_a-wctomb_r.o)
                0x0000000008005af0                __ascii_wctomb
 *(.glue_7)
 .glue_7        0x0000000008005b0a        0x0 linker stubs
 *(.glue_7t)
 .glue_7t       0x0000000008005b0a        0x0 linker stubs
 *(.eh_frame)
 *fill*         0x0000000008005b0a        0x2 
 .eh_frame      0x0000000008005b0c        0x0 c:/st/stm32cubeide_1.2.0/stm32cubeide/plugins/com.st.stm32cube.ide.mcu.externaltools.gnu-tools-for-stm32.7-2018-q2-update.win32_1.4.0.202007081208/tools/bin/../lib/gcc/arm-none-eabi/7.3.1/thumb/v7e-m/fpv4-sp/hard/crtbegin.o
 *(.init)
 .init          0x0000000008005b0c        0x4 c:/st/stm32cubeide_1.2.0/stm32cubeide/plugins/com.st.stm32cube.ide.mcu.externaltools.gnu-tools-for-stm32.7-2018-q2-update.win32_1.4.0.202007081208/tools/bin/../lib/gcc/arm-none-eabi/7.3.1/thumb/v7e-m/fpv4-sp/hard/crti.o
                0x0000000008005b0c                _init
 .init          0x0000000008005b10        0x8 c:/st/stm32cubeide_1.2.0/stm32cubeide/plugins/com.st.stm32cube.ide.mcu.externaltools.gnu-tools-for-stm32.7-2018-q2-update.win32_1.4.0.202007081208/tools/bin/../lib/gcc/arm-none-eabi/7.3.1/thumb/v7e-m/fpv4-sp/hard/crtn.o
 *(.fini)
 .fini          0x0000000008005b18        0x4 c:/st/stm32cubeide_1.2.0/stm32cubeide/plugins/com.st.stm32cube.ide.mcu.externaltools.gnu-tools-for-stm32.7-2018-q2-update.win32_1.4.0.202007081208/tools/bin/../lib/gcc/arm-none-eabi/7.3.1/thumb/v7e-m/fpv4-sp/hard/crti.o
                0x0000000008005b18                _fini
 .fini          0x0000000008005b1c        0x8 c:/st/stm32cubeide_1.2.0/stm32cubeide/plugins/com.st.stm32cube.ide.mcu.externaltools.gnu-tools-for-stm32.7-2018-q2-update.win32_1.4.0.202007081208/tools/bin/../lib/gcc/arm-none-eabi/7.3.1/thumb/v7e-m/fpv4-sp/hard/crtn.o
                0x0000000008005b24                . = ALIGN (0x4)
                0x0000000008005b24                _etext = .

.vfp11_veneer   0x0000000008005b24        0x0
 .vfp11_veneer  0x0000000008005b24        0x0 linker stubs

.v4_bx          0x0000000008005b24        0x0
 .v4_bx         0x0000000008005b24        0x0 linker stubs

.iplt           0x0000000008005b24        0x0
 .iplt          0x0000000008005b24        0x0 c:/st/stm32cubeide_1.2.0/stm32cubeide/plugins/com.st.stm32cube.ide.mcu.externaltools.gnu-tools-for-stm32.7-2018-q2-update.win32_1.4.0.202007081208/tools/bin/../lib/gcc/arm-none-eabi/7.3.1/thumb/v7e-m/fpv4-sp/hard/crtbegin.o

.rodata         0x0000000008005b24      0x868
                0x0000000008005b24                . = ALIGN (0x4)
 *(.rodata)
 *(.rodata*)
 .rodata.flashLayout
                0x0000000008005b24       0x78 core/ARMCM4_STM32F4/flash.o
 .rodata.Rs232TransmitPacket.str1.4
                0x0000000008005b9c       0x54 core/ARMCM4_STM32F4/rs232.o
 .rodata.FileInit.str1.4
                0x0000000008005bf0       0x48 core/file.o
 .rodata.FileTask.str1.4
                0x0000000008005c38      0x1a5 core/file.o
                                        0x1a9 (size before relaxing)
 *fill*         0x0000000008005ddd        0x3 
 .rodata.xcpStationId
                0x0000000008005de0        0x8 core/xcp.o
 .rodata.ExCvt  0x0000000008005de8       0x80 core/third_party/fatfs/src/ff.o
 .rodata.LfnOfs
                0x0000000008005e68        0xd core/third_party/fatfs/src/ff.o
 *fill*         0x0000000008005e75        0x3 
 .rodata.create_name.str1.4
                0x0000000008005e78       0x13 core/third_party/fatfs/src/ff.o
 *fill*         0x0000000008005e8b        0x1 
 .rodata.Tbl    0x0000000008005e8c      0x100 core/third_party/fatfs/src/option/unicode.o
 .rodata.cvt1.5589
                0x0000000008005f8c      0x1f2 core/third_party/fatfs/src/option/unicode.o
 *fill*         0x000000000800617e        0x2 
 .rodata.cvt2.5590
                0x0000000008006180       0xbc core/third_party/fatfs/src/option/unicode.o
 .rodata.FileFirmwareUpdateStartedHook.str1.4
                0x000000000800623c        0xd hooks.o
 *fill*         0x0000000008006249        0x3 
 .rodata.firmwareFilename
                0x000000000800624c        0xf hooks.o
 *fill*         0x000000000800625b        0x1 
 .rodata.SystemClock_Config.str1.4
                0x000000000800625c        0xc main.o
                                          0xa (size before relaxing)
 .rodata.AHBPrescTable
                0x0000000008006268       0x10 lib/system_stm32f4xx.o
                0x0000000008006268                AHBPrescTable
 .rodata.APBPrescTable
                0x0000000008006278        0x8 lib/system_stm32f4xx.o
                0x0000000008006278                APBPrescTable
 .rodata._setlocale_r.str1.1
                0x0000000008006280        0x8 c:/st/stm32cubeide_1.2.0/stm32cubeide/plugins/com.st.stm32cube.ide.mcu.externaltools.gnu-tools-for-stm32.7-2018-q2-update.win32_1.4.0.202007081208/tools/bin/../lib/gcc/arm-none-eabi/7.3.1/../../../../arm-none-eabi/lib/thumb/v7e-m/fpv4-sp/hard\libc_nano.a(lib_a-locale.o)
                                          0x9 (size before relaxing)
 .rodata.str1.1
                0x0000000008006288        0x2 c:/st/stm32cubeide_1.2.0/stm32cubeide/plugins/com.st.stm32cube.ide.mcu.externaltools.gnu-tools-for-stm32.7-2018-q2-update.win32_1.4.0.202007081208/tools/bin/../lib/gcc/arm-none-eabi/7.3.1/../../../../arm-none-eabi/lib/thumb/v7e-m/fpv4-sp/hard\libc_nano.a(lib_a-locale.o)
 .rodata._ctype_
                0x000000000800628a      0x101 c:/st/stm32cubeide_1.2.0/stm32cubeide/plugins/com.st.stm32cube.ide.mcu.externaltools.gnu-tools-for-stm32.7-2018-q2-update.win32_1.4.0.202007081208/tools/bin/../lib/gcc/arm-none-eabi/7.3.1/../../../../arm-none-eabi/lib/thumb/v7e-m/fpv4-sp/hard\libc_nano.a(lib_a-ctype_.o)
                0x000000000800628a                _ctype_
                0x000000000800638c                . = ALIGN (0x4)
 *fill*         0x000000000800638b        0x1 

.ARM.extab
 *(.ARM.extab* .gnu.linkonce.armextab.*)

.ARM            0x000000000800638c        0x8
                0x000000000800638c                __exidx_start = .
 *(.ARM.exidx*)
 .ARM.exidx     0x000000000800638c        0x8 c:/st/stm32cubeide_1.2.0/stm32cubeide/plugins/com.st.stm32cube.ide.mcu.externaltools.gnu-tools-for-stm32.7-2018-q2-update.win32_1.4.0.202007081208/tools/bin/../lib/gcc/arm-none-eabi/7.3.1/thumb/v7e-m/fpv4-sp/hard\libgcc.a(_udivmoddi4.o)
                0x0000000008006394                __exidx_end = .

.rel.dyn        0x0000000008006394        0x0
 .rel.iplt      0x0000000008006394        0x0 c:/st/stm32cubeide_1.2.0/stm32cubeide/plugins/com.st.stm32cube.ide.mcu.externaltools.gnu-tools-for-stm32.7-2018-q2-update.win32_1.4.0.202007081208/tools/bin/../lib/gcc/arm-none-eabi/7.3.1/thumb/v7e-m/fpv4-sp/hard/crtbegin.o

.preinit_array  0x0000000008006394        0x0
                0x0000000008006394                PROVIDE (__preinit_array_start = .)
 *(.preinit_array*)
                0x0000000008006394                PROVIDE (__preinit_array_end = .)

.init_array     0x0000000008006394        0x4
                0x0000000008006394                PROVIDE (__init_array_start = .)
 *(SORT_BY_NAME(.init_array.*))
 *(.init_array*)
 .init_array    0x0000000008006394        0x4 c:/st/stm32cubeide_1.2.0/stm32cubeide/plugins/com.st.stm32cube.ide.mcu.externaltools.gnu-tools-for-stm32.7-2018-q2-update.win32_1.4.0.202007081208/tools/bin/../lib/gcc/arm-none-eabi/7.3.1/thumb/v7e-m/fpv4-sp/hard/crtbegin.o
                0x0000000008006398                PROVIDE (__init_array_end = .)

.fini_array     0x0000000008006398        0x4
                [!provide]                        PROVIDE (__fini_array_start = .)
 *(SORT_BY_NAME(.fini_array.*))
 *(.fini_array*)
 .fini_array    0x0000000008006398        0x4 c:/st/stm32cubeide_1.2.0/stm32cubeide/plugins/com.st.stm32cube.ide.mcu.externaltools.gnu-tools-for-stm32.7-2018-q2-update.win32_1.4.0.202007081208/tools/bin/../lib/gcc/arm-none-eabi/7.3.1/thumb/v7e-m/fpv4-sp/hard/crtbegin.o
                [!provide]                        PROVIDE (__fini_array_end = .)
                0x000000000800639c                _sidata = LOADADDR (.data)

.data           0x0000000020000000      0x1e0 load address 0x000000000800639c
                0x0000000020000000                . = ALIGN (0x4)
                0x0000000020000000                _sdata = .
 *(.data)
 *(.data*)
 .data.comActiveInterface
                0x0000000020000000        0x1 core/com.o
 .data.uwTickFreq
                0x0000000020000001        0x1 lib/STM32F4xx_HAL_Driver/Src/stm32f4xx_hal.o
                0x0000000020000001                uwTickFreq
 *fill*         0x0000000020000002        0x2 
 .data.uwTickPrio
                0x0000000020000004        0x4 lib/STM32F4xx_HAL_Driver/Src/stm32f4xx_hal.o
                0x0000000020000004                uwTickPrio
 .data.Stat     0x0000000020000008        0x1 lib/fatfs/sd_diskio.o
 *fill*         0x0000000020000009        0x3 
 .data.SystemCoreClock
                0x000000002000000c        0x4 lib/system_stm32f4xx.o
                0x000000002000000c                SystemCoreClock
 .data._impure_ptr
                0x0000000020000010        0x4 c:/st/stm32cubeide_1.2.0/stm32cubeide/plugins/com.st.stm32cube.ide.mcu.externaltools.gnu-tools-for-stm32.7-2018-q2-update.win32_1.4.0.202007081208/tools/bin/../lib/gcc/arm-none-eabi/7.3.1/../../../../arm-none-eabi/lib/thumb/v7e-m/fpv4-sp/hard\libc_nano.a(lib_a-impure.o)
                0x0000000020000010                _impure_ptr
 .data.impure_data
                0x0000000020000014       0x60 c:/st/stm32cubeide_1.2.0/stm32cubeide/plugins/com.st.stm32cube.ide.mcu.externaltools.gnu-tools-for-stm32.7-2018-q2-update.win32_1.4.0.202007081208/tools/bin/../lib/gcc/arm-none-eabi/7.3.1/../../../../arm-none-eabi/lib/thumb/v7e-m/fpv4-sp/hard\libc_nano.a(lib_a-impure.o)
 .data.__global_locale
                0x0000000020000074      0x16c c:/st/stm32cubeide_1.2.0/stm32cubeide/plugins/com.st.stm32cube.ide.mcu.externaltools.gnu-tools-for-stm32.7-2018-q2-update.win32_1.4.0.202007081208/tools/bin/../lib/gcc/arm-none-eabi/7.3.1/../../../../arm-none-eabi/lib/thumb/v7e-m/fpv4-sp/hard\libc_nano.a(lib_a-locale.o)
                0x0000000020000074                __global_locale
                0x00000000200001e0                . = ALIGN (0x4)
                0x00000000200001e0                _edata = .
                0x000000000800657c                _siccmram = LOADADDR (.ccmram)

.igot.plt       0x00000000200001e0        0x0 load address 0x000000000800657c
 .igot.plt      0x00000000200001e0        0x0 c:/st/stm32cubeide_1.2.0/stm32cubeide/plugins/com.st.stm32cube.ide.mcu.externaltools.gnu-tools-for-stm32.7-2018-q2-update.win32_1.4.0.202007081208/tools/bin/../lib/gcc/arm-none-eabi/7.3.1/thumb/v7e-m/fpv4-sp/hard/crtbegin.o

.ccmram         0x0000000010000000        0x0 load address 0x000000000800657c
                0x0000000010000000                . = ALIGN (0x4)
                0x0000000010000000                _sccmram = .
 *(.ccmram)
 *(.ccmram*)
                0x0000000010000000                . = ALIGN (0x4)
                0x0000000010000000                _eccmram = .
                0x0000000010000000                . = ALIGN (0x4)

.bss            0x00000000200001e0     0x1014
                0x00000000200001e0                _sbss = .
                0x00000000200001e0                __bss_start__ = _sbss
 *(.bss)
 .bss           0x00000000200001e0       0x1c c:/st/stm32cubeide_1.2.0/stm32cubeide/plugins/com.st.stm32cube.ide.mcu.externaltools.gnu-tools-for-stm32.7-2018-q2-update.win32_1.4.0.202007081208/tools/bin/../lib/gcc/arm-none-eabi/7.3.1/thumb/v7e-m/fpv4-sp/hard/crtbegin.o
 *(.bss*)
 .bss.blockInfo
                0x00000000200001fc      0x204 core/ARMCM4_STM32F4/flash.o
 .bss.bootBlockInfo
                0x0000000020000400      0x204 core/ARMCM4_STM32F4/flash.o
 .bss.xcpCtoReqPacket.8722
                0x0000000020000604       0x41 core/ARMCM4_STM32F4/rs232.o
 .bss.xcpCtoRxInProgress.8724
                0x0000000020000645        0x1 core/ARMCM4_STM32F4/rs232.o
 .bss.xcpCtoRxLength.8723
                0x0000000020000646        0x1 core/ARMCM4_STM32F4/rs232.o
 *fill*         0x0000000020000647        0x1 
 .bss.xcpCtoRxStartTime.8725
                0x0000000020000648        0x4 core/ARMCM4_STM32F4/rs232.o
 .bss.millisecond_counter
                0x000000002000064c        0x4 core/ARMCM4_STM32F4/timer.o
 .bss.backdoorExtensionTime
                0x0000000020000650        0x4 core/backdoor.o
 .bss.backdoorOpen
                0x0000000020000654        0x1 core/backdoor.o
 *fill*         0x0000000020000655        0x3 
 .bss.backdoorOpenTime
                0x0000000020000658        0x4 core/backdoor.o
 .bss.xcpCtoReqPacket.5722
                0x000000002000065c       0x40 core/com.o
 .bss.eraseInfo
                0x000000002000069c        0x8 core/file.o
 .bss.fatFsObjects
                0x00000000200006a4      0x458 core/file.o
 .bss.firmwareUpdateState
                0x0000000020000afc        0x1 core/file.o
 *fill*         0x0000000020000afd        0x3 
 .bss.lineParseObject
                0x0000000020000b00      0x184 core/file.o
 .bss.loggingStr
                0x0000000020000c84       0x40 core/file.o
 .bss.xcpInfo   0x0000000020000cc4       0x4c core/xcp.o
 .bss.FatFs     0x0000000020000d10        0x4 core/third_party/fatfs/src/ff.o
 .bss.Fsid      0x0000000020000d14        0x2 core/third_party/fatfs/src/ff.o
 *fill*         0x0000000020000d16        0x2 
 .bss.LfnBuf    0x0000000020000d18      0x200 core/third_party/fatfs/src/ff.o
 .bss.logfile   0x0000000020000f18      0x22c hooks.o
 .bss.ledBlinkIntervalMs
                0x0000000020001144        0x2 led.o
 .bss.ledOn.8359
                0x0000000020001146        0x1 led.o
 *fill*         0x0000000020001147        0x1 
 .bss.nextBlinkEvent.8360
                0x0000000020001148        0x4 led.o
 .bss.DiskInitialized
                0x000000002000114c        0x1 lib/fatfs/mmc.o
 *(COMMON)
 *fill*         0x000000002000114d        0x3 
 COMMON         0x0000000020001150       0x20 lib/STM32F4xx_HAL_Driver/Src/stm32f4xx_hal_flash.o
                0x0000000020001150                pFlash
 COMMON         0x0000000020001170       0x84 lib/fatfs/bsp_driver_sd.o
                0x0000000020001170                hsd
                0x00000000200011f4                . = ALIGN (0x4)
                0x00000000200011f4                _ebss = .
                0x00000000200011f4                __bss_end__ = _ebss

._user_heap_stack
                0x00000000200011f4      0xa00
                0x00000000200011f4                . = ALIGN (0x4)
                [!provide]                        PROVIDE (end = .)
                [!provide]                        PROVIDE (_end = .)
                0x00000000200013f4                . = (. + _Min_Heap_Size)
 *fill*         0x00000000200011f4      0x200 
                0x0000000020001bf4                . = (. + _Min_Stack_Size)
 *fill*         0x00000000200013f4      0x800 
                0x0000000020001bf4                . = ALIGN (0x4)

/DISCARD/
 libc.a(*)
 libm.a(*)
 libgcc.a(*)

.ARM.attributes
                0x0000000000000000       0x30
 *(.ARM.attributes)
 .ARM.attributes
                0x0000000000000000       0x22 c:/st/stm32cubeide_1.2.0/stm32cubeide/plugins/com.st.stm32cube.ide.mcu.externaltools.gnu-tools-for-stm32.7-2018-q2-update.win32_1.4.0.202007081208/tools/bin/../lib/gcc/arm-none-eabi/7.3.1/thumb/v7e-m/fpv4-sp/hard/crti.o
 .ARM.attributes
                0x0000000000000022       0x34 c:/st/stm32cubeide_1.2.0/stm32cubeide/plugins/com.st.stm32cube.ide.mcu.externaltools.gnu-tools-for-stm32.7-2018-q2-update.win32_1.4.0.202007081208/tools/bin/../lib/gcc/arm-none-eabi/7.3.1/thumb/v7e-m/fpv4-sp/hard/crtbegin.o
 .ARM.attributes
                0x0000000000000056       0x39 core/ARMCM4_STM32F4/GCC/cpu_comp.o
 .ARM.attributes
                0x000000000000008f       0x39 core/ARMCM4_STM32F4/cpu.o
 .ARM.attributes
                0x00000000000000c8       0x39 core/ARMCM4_STM32F4/flash.o
 .ARM.attributes
                0x0000000000000101       0x39 core/ARMCM4_STM32F4/nvm.o
 .ARM.attributes
                0x000000000000013a       0x39 core/ARMCM4_STM32F4/rs232.o
 .ARM.attributes
                0x0000000000000173       0x39 core/ARMCM4_STM32F4/timer.o
 .ARM.attributes
                0x00000000000001ac       0x39 core/assert.o
 .ARM.attributes
                0x00000000000001e5       0x39 core/backdoor.o
 .ARM.attributes
                0x000000000000021e       0x39 core/boot.o
 .ARM.attributes
                0x0000000000000257       0x39 core/com.o
 .ARM.attributes
                0x0000000000000290       0x39 core/cop.o
 .ARM.attributes
                0x00000000000002c9       0x39 core/file.o
 .ARM.attributes
                0x0000000000000302       0x39 core/xcp.o
 .ARM.attributes
                0x000000000000033b       0x39 core/third_party/fatfs/src/ff.o
 .ARM.attributes
                0x0000000000000374       0x39 core/third_party/fatfs/src/option/unicode.o
 .ARM.attributes
                0x00000000000003ad       0x39 hooks.o
 .ARM.attributes
                0x00000000000003e6       0x39 led.o
 .ARM.attributes
                0x000000000000041f       0x39 main.o
 .ARM.attributes
                0x0000000000000458       0x21 startup_stm32f407xx.o
 .ARM.attributes
                0x0000000000000479       0x39 lib/STM32F4xx_HAL_Driver/Src/stm32f4xx_hal.o
 .ARM.attributes
                0x00000000000004b2       0x39 lib/STM32F4xx_HAL_Driver/Src/stm32f4xx_hal_cortex.o
 .ARM.attributes
                0x00000000000004eb       0x39 lib/STM32F4xx_HAL_Driver/Src/stm32f4xx_hal_flash.o
 .ARM.attributes
                0x0000000000000524       0x39 lib/STM32F4xx_HAL_Driver/Src/stm32f4xx_hal_flash_ex.o
 .ARM.attributes
                0x000000000000055d       0x39 lib/STM32F4xx_HAL_Driver/Src/stm32f4xx_hal_sd.o
 .ARM.attributes
                0x0000000000000596       0x39 lib/STM32F4xx_HAL_Driver/Src/stm32f4xx_ll_gpio.o
 .ARM.attributes
                0x00000000000005cf       0x39 lib/STM32F4xx_HAL_Driver/Src/stm32f4xx_ll_rcc.o
 .ARM.attributes
                0x0000000000000608       0x39 lib/STM32F4xx_HAL_Driver/Src/stm32f4xx_ll_sdmmc.o
 .ARM.attributes
                0x0000000000000641       0x39 lib/STM32F4xx_HAL_Driver/Src/stm32f4xx_ll_usart.o
 .ARM.attributes
                0x000000000000067a       0x39 lib/STM32F4xx_HAL_Driver/Src/stm32f4xx_ll_utils.o
 .ARM.attributes
                0x00000000000006b3       0x39 lib/fatfs/bsp_driver_sd.o
 .ARM.attributes
                0x00000000000006ec       0x39 lib/fatfs/mmc.o
 .ARM.attributes
                0x0000000000000725       0x39 lib/fatfs/sd_diskio.o
 .ARM.attributes
                0x000000000000075e       0x39 lib/system_stm32f4xx.o
 .ARM.attributes
                0x0000000000000797       0x34 c:/st/stm32cubeide_1.2.0/stm32cubeide/plugins/com.st.stm32cube.ide.mcu.externaltools.gnu-tools-for-stm32.7-2018-q2-update.win32_1.4.0.202007081208/tools/bin/../lib/gcc/arm-none-eabi/7.3.1/../../../../arm-none-eabi/lib/thumb/v7e-m/fpv4-sp/hard\libc_nano.a(lib_a-impure.o)
 .ARM.attributes
                0x00000000000007cb       0x34 c:/st/stm32cubeide_1.2.0/stm32cubeide/plugins/com.st.stm32cube.ide.mcu.externaltools.gnu-tools-for-stm32.7-2018-q2-update.win32_1.4.0.202007081208/tools/bin/../lib/gcc/arm-none-eabi/7.3.1/../../../../arm-none-eabi/lib/thumb/v7e-m/fpv4-sp/hard\libc_nano.a(lib_a-init.o)
 .ARM.attributes
                0x00000000000007ff       0x34 c:/st/stm32cubeide_1.2.0/stm32cubeide/plugins/com.st.stm32cube.ide.mcu.externaltools.gnu-tools-for-stm32.7-2018-q2-update.win32_1.4.0.202007081208/tools/bin/../lib/gcc/arm-none-eabi/7.3.1/../../../../arm-none-eabi/lib/thumb/v7e-m/fpv4-sp/hard\libc_nano.a(lib_a-locale.o)
 .ARM.attributes
                0x0000000000000833       0x34 c:/st/stm32cubeide_1.2.0/stm32cubeide/plugins/com.st.stm32cube.ide.mcu.externaltools.gnu-tools-for-stm32.7-2018-q2-update.win32_1.4.0.202007081208/tools/bin/../lib/gcc/arm-none-eabi/7.3.1/../../../../arm-none-eabi/lib/thumb/v7e-m/fpv4-sp/hard\libc_nano.a(lib_a-mbtowc_r.o)
 .ARM.attributes
                0x0000000000000867       0x34 c:/st/stm32cubeide_1.2.0/stm32cubeide/plugins/com.st.stm32cube.ide.mcu.externaltools.gnu-tools-for-stm32.7-2018-q2-update.win32_1.4.0.202007081208/tools/bin/../lib/gcc/arm-none-eabi/7.3.1/../../../../arm-none-eabi/lib/thumb/v7e-m/fpv4-sp/hard\libc_nano.a(lib_a-memset.o)
 .ARM.attributes
                0x000000000000089b       0x34 c:/st/stm32cubeide_1.2.0/stm32cubeide/plugins/com.st.stm32cube.ide.mcu.externaltools.gnu-tools-for-stm32.7-2018-q2-update.win32_1.4.0.202007081208/tools/bin/../lib/gcc/arm-none-eabi/7.3.1/../../../../arm-none-eabi/lib/thumb/v7e-m/fpv4-sp/hard\libc_nano.a(lib_a-wctomb_r.o)
 .ARM.attributes
                0x00000000000008cf       0x34 c:/st/stm32cubeide_1.2.0/stm32cubeide/plugins/com.st.stm32cube.ide.mcu.externaltools.gnu-tools-for-stm32.7-2018-q2-update.win32_1.4.0.202007081208/tools/bin/../lib/gcc/arm-none-eabi/7.3.1/../../../../arm-none-eabi/lib/thumb/v7e-m/fpv4-sp/hard\libc_nano.a(lib_a-ctype_.o)
 .ARM.attributes
                0x0000000000000903       0x22 c:/st/stm32cubeide_1.2.0/stm32cubeide/plugins/com.st.stm32cube.ide.mcu.externaltools.gnu-tools-for-stm32.7-2018-q2-update.win32_1.4.0.202007081208/tools/bin/../lib/gcc/arm-none-eabi/7.3.1/thumb/v7e-m/fpv4-sp/hard\libgcc.a(_aeabi_uldivmod.o)
 .ARM.attributes
                0x0000000000000925       0x34 c:/st/stm32cubeide_1.2.0/stm32cubeide/plugins/com.st.stm32cube.ide.mcu.externaltools.gnu-tools-for-stm32.7-2018-q2-update.win32_1.4.0.202007081208/tools/bin/../lib/gcc/arm-none-eabi/7.3.1/thumb/v7e-m/fpv4-sp/hard\libgcc.a(_udivmoddi4.o)
 .ARM.attributes
                0x0000000000000959       0x22 c:/st/stm32cubeide_1.2.0/stm32cubeide/plugins/com.st.stm32cube.ide.mcu.externaltools.gnu-tools-for-stm32.7-2018-q2-update.win32_1.4.0.202007081208/tools/bin/../lib/gcc/arm-none-eabi/7.3.1/thumb/v7e-m/fpv4-sp/hard\libgcc.a(_dvmd_tls.o)
 .ARM.attributes
                0x000000000000097b       0x22 c:/st/stm32cubeide_1.2.0/stm32cubeide/plugins/com.st.stm32cube.ide.mcu.externaltools.gnu-tools-for-stm32.7-2018-q2-update.win32_1.4.0.202007081208/tools/bin/../lib/gcc/arm-none-eabi/7.3.1/thumb/v7e-m/fpv4-sp/hard/crtn.o
OUTPUT(openblt_et4.elf elf32-littlearm)

.debug_info     0x0000000000000000    0x1440d
 .debug_info    0x0000000000000000       0x92 core/ARMCM4_STM32F4/GCC/cpu_comp.o
 .debug_info    0x0000000000000092      0x50d core/ARMCM4_STM32F4/cpu.o
 .debug_info    0x000000000000059f      0x8bd core/ARMCM4_STM32F4/flash.o
 .debug_info    0x0000000000000e5c      0x260 core/ARMCM4_STM32F4/nvm.o
 .debug_info    0x00000000000010bc      0x602 core/ARMCM4_STM32F4/rs232.o
 .debug_info    0x00000000000016be      0x277 core/ARMCM4_STM32F4/timer.o
 .debug_info    0x0000000000001935       0xd4 core/assert.o
 .debug_info    0x0000000000001a09      0x1b2 core/backdoor.o
 .debug_info    0x0000000000001bbb      0x18c core/boot.o
 .debug_info    0x0000000000001d47      0x2a6 core/com.o
 .debug_info    0x0000000000001fed       0xc4 core/cop.o
 .debug_info    0x00000000000020b1     0x1aab core/file.o
 .debug_info    0x0000000000003b5c      0x82a core/xcp.o
 .debug_info    0x0000000000004386     0x37f6 core/third_party/fatfs/src/ff.o
 .debug_info    0x0000000000007b7c      0x1a8 core/third_party/fatfs/src/option/unicode.o
 .debug_info    0x0000000000007d24      0xa1f hooks.o
 .debug_info    0x0000000000008743      0x396 led.o
 .debug_info    0x0000000000008ad9      0xc35 main.o
 .debug_info    0x000000000000970e       0x22 startup_stm32f407xx.o
 .debug_info    0x0000000000009730      0x9f1 lib/STM32F4xx_HAL_Driver/Src/stm32f4xx_hal.o
 .debug_info    0x000000000000a121      0xf8c lib/STM32F4xx_HAL_Driver/Src/stm32f4xx_hal_cortex.o
 .debug_info    0x000000000000b0ad      0x7a7 lib/STM32F4xx_HAL_Driver/Src/stm32f4xx_hal_flash.o
 .debug_info    0x000000000000b854      0x850 lib/STM32F4xx_HAL_Driver/Src/stm32f4xx_hal_flash_ex.o
 .debug_info    0x000000000000c0a4     0x2379 lib/STM32F4xx_HAL_Driver/Src/stm32f4xx_hal_sd.o
 .debug_info    0x000000000000e41d      0xba1 lib/STM32F4xx_HAL_Driver/Src/stm32f4xx_ll_gpio.o
 .debug_info    0x000000000000efbe      0x960 lib/STM32F4xx_HAL_Driver/Src/stm32f4xx_ll_rcc.o
 .debug_info    0x000000000000f91e     0x16ad lib/STM32F4xx_HAL_Driver/Src/stm32f4xx_ll_sdmmc.o
 .debug_info    0x0000000000010fcb      0x98b lib/STM32F4xx_HAL_Driver/Src/stm32f4xx_ll_usart.o
 .debug_info    0x0000000000011956      0xb52 lib/STM32F4xx_HAL_Driver/Src/stm32f4xx_ll_utils.o
 .debug_info    0x00000000000124a8     0x119c lib/fatfs/bsp_driver_sd.o
 .debug_info    0x0000000000013644      0x34d lib/fatfs/mmc.o
 .debug_info    0x0000000000013991      0x523 lib/fatfs/sd_diskio.o
 .debug_info    0x0000000000013eb4      0x559 lib/system_stm32f4xx.o

.debug_abbrev   0x0000000000000000     0x3728
 .debug_abbrev  0x0000000000000000       0x45 core/ARMCM4_STM32F4/GCC/cpu_comp.o
 .debug_abbrev  0x0000000000000045      0x16b core/ARMCM4_STM32F4/cpu.o
 .debug_abbrev  0x00000000000001b0      0x1e4 core/ARMCM4_STM32F4/flash.o
 .debug_abbrev  0x0000000000000394       0xca core/ARMCM4_STM32F4/nvm.o
 .debug_abbrev  0x000000000000045e      0x242 core/ARMCM4_STM32F4/rs232.o
 .debug_abbrev  0x00000000000006a0      0x134 core/ARMCM4_STM32F4/timer.o
 .debug_abbrev  0x00000000000007d4       0x88 core/assert.o
 .debug_abbrev  0x000000000000085c       0xa8 core/backdoor.o
 .debug_abbrev  0x0000000000000904       0x63 core/boot.o
 .debug_abbrev  0x0000000000000967      0x164 core/com.o
 .debug_abbrev  0x0000000000000acb       0x63 core/cop.o
 .debug_abbrev  0x0000000000000b2e      0x2d0 core/file.o
 .debug_abbrev  0x0000000000000dfe      0x1d3 core/xcp.o
 .debug_abbrev  0x0000000000000fd1      0x231 core/third_party/fatfs/src/ff.o
 .debug_abbrev  0x0000000000001202       0xdd core/third_party/fatfs/src/option/unicode.o
 .debug_abbrev  0x00000000000012df      0x2b4 hooks.o
 .debug_abbrev  0x0000000000001593      0x184 led.o
 .debug_abbrev  0x0000000000001717      0x247 main.o
 .debug_abbrev  0x000000000000195e       0x12 startup_stm32f407xx.o
 .debug_abbrev  0x0000000000001970      0x1ed lib/STM32F4xx_HAL_Driver/Src/stm32f4xx_hal.o
 .debug_abbrev  0x0000000000001b5d      0x328 lib/STM32F4xx_HAL_Driver/Src/stm32f4xx_hal_cortex.o
 .debug_abbrev  0x0000000000001e85      0x267 lib/STM32F4xx_HAL_Driver/Src/stm32f4xx_hal_flash.o
 .debug_abbrev  0x00000000000020ec      0x24a lib/STM32F4xx_HAL_Driver/Src/stm32f4xx_hal_flash_ex.o
 .debug_abbrev  0x0000000000002336      0x262 lib/STM32F4xx_HAL_Driver/Src/stm32f4xx_hal_sd.o
 .debug_abbrev  0x0000000000002598      0x21f lib/STM32F4xx_HAL_Driver/Src/stm32f4xx_ll_gpio.o
 .debug_abbrev  0x00000000000027b7      0x237 lib/STM32F4xx_HAL_Driver/Src/stm32f4xx_ll_rcc.o
 .debug_abbrev  0x00000000000029ee      0x1f2 lib/STM32F4xx_HAL_Driver/Src/stm32f4xx_ll_sdmmc.o
 .debug_abbrev  0x0000000000002be0      0x277 lib/STM32F4xx_HAL_Driver/Src/stm32f4xx_ll_usart.o
 .debug_abbrev  0x0000000000002e57      0x233 lib/STM32F4xx_HAL_Driver/Src/stm32f4xx_ll_utils.o
 .debug_abbrev  0x000000000000308a      0x2fe lib/fatfs/bsp_driver_sd.o
 .debug_abbrev  0x0000000000003388      0x101 lib/fatfs/mmc.o
 .debug_abbrev  0x0000000000003489      0x174 lib/fatfs/sd_diskio.o
 .debug_abbrev  0x00000000000035fd      0x12b lib/system_stm32f4xx.o

.debug_aranges  0x0000000000000000      0xf88
 .debug_aranges
                0x0000000000000000       0x28 core/ARMCM4_STM32F4/GCC/cpu_comp.o
 .debug_aranges
                0x0000000000000028       0x38 core/ARMCM4_STM32F4/cpu.o
 .debug_aranges
                0x0000000000000060       0x88 core/ARMCM4_STM32F4/flash.o
 .debug_aranges
                0x00000000000000e8       0x50 core/ARMCM4_STM32F4/nvm.o
 .debug_aranges
                0x0000000000000138       0x40 core/ARMCM4_STM32F4/rs232.o
 .debug_aranges
                0x0000000000000178       0x48 core/ARMCM4_STM32F4/timer.o
 .debug_aranges
                0x00000000000001c0       0x20 core/assert.o
 .debug_aranges
                0x00000000000001e0       0x40 core/backdoor.o
 .debug_aranges
                0x0000000000000220       0x28 core/boot.o
 .debug_aranges
                0x0000000000000248       0x50 core/com.o
 .debug_aranges
                0x0000000000000298       0x28 core/cop.o
 .debug_aranges
                0x00000000000002c0       0x70 core/file.o
 .debug_aranges
                0x0000000000000330       0xd0 core/xcp.o
 .debug_aranges
                0x0000000000000400      0x1e8 core/third_party/fatfs/src/ff.o
 .debug_aranges
                0x00000000000005e8       0x28 core/third_party/fatfs/src/option/unicode.o
 .debug_aranges
                0x0000000000000610       0x60 hooks.o
 .debug_aranges
                0x0000000000000670       0x30 led.o
 .debug_aranges
                0x00000000000006a0       0x40 main.o
 .debug_aranges
                0x00000000000006e0       0x28 startup_stm32f407xx.o
 .debug_aranges
                0x0000000000000708       0xf0 lib/STM32F4xx_HAL_Driver/Src/stm32f4xx_hal.o
 .debug_aranges
                0x00000000000007f8       0xa8 lib/STM32F4xx_HAL_Driver/Src/stm32f4xx_hal_cortex.o
 .debug_aranges
                0x00000000000008a0       0xa0 lib/STM32F4xx_HAL_Driver/Src/stm32f4xx_hal_flash.o
 .debug_aranges
                0x0000000000000940       0x98 lib/STM32F4xx_HAL_Driver/Src/stm32f4xx_hal_flash_ex.o
 .debug_aranges
                0x00000000000009d8      0x168 lib/STM32F4xx_HAL_Driver/Src/stm32f4xx_hal_sd.o
 .debug_aranges
                0x0000000000000b40       0x30 lib/STM32F4xx_HAL_Driver/Src/stm32f4xx_ll_gpio.o
 .debug_aranges
                0x0000000000000b70       0x80 lib/STM32F4xx_HAL_Driver/Src/stm32f4xx_ll_rcc.o
 .debug_aranges
                0x0000000000000bf0      0x178 lib/STM32F4xx_HAL_Driver/Src/stm32f4xx_ll_sdmmc.o
 .debug_aranges
                0x0000000000000d68       0x40 lib/STM32F4xx_HAL_Driver/Src/stm32f4xx_ll_usart.o
 .debug_aranges
                0x0000000000000da8       0x60 lib/STM32F4xx_HAL_Driver/Src/stm32f4xx_ll_utils.o
 .debug_aranges
                0x0000000000000e08       0xd0 lib/fatfs/bsp_driver_sd.o
 .debug_aranges
                0x0000000000000ed8       0x40 lib/fatfs/mmc.o
 .debug_aranges
                0x0000000000000f18       0x48 lib/fatfs/sd_diskio.o
 .debug_aranges
                0x0000000000000f60       0x28 lib/system_stm32f4xx.o

.debug_ranges   0x0000000000000000      0xe40
 .debug_ranges  0x0000000000000000       0x18 core/ARMCM4_STM32F4/GCC/cpu_comp.o
 .debug_ranges  0x0000000000000018       0x28 core/ARMCM4_STM32F4/cpu.o
 .debug_ranges  0x0000000000000040       0x78 core/ARMCM4_STM32F4/flash.o
 .debug_ranges  0x00000000000000b8       0x40 core/ARMCM4_STM32F4/nvm.o
 .debug_ranges  0x00000000000000f8       0x30 core/ARMCM4_STM32F4/rs232.o
 .debug_ranges  0x0000000000000128       0x38 core/ARMCM4_STM32F4/timer.o
 .debug_ranges  0x0000000000000160       0x10 core/assert.o
 .debug_ranges  0x0000000000000170       0x30 core/backdoor.o
 .debug_ranges  0x00000000000001a0       0x18 core/boot.o
 .debug_ranges  0x00000000000001b8       0x40 core/com.o
 .debug_ranges  0x00000000000001f8       0x18 core/cop.o
 .debug_ranges  0x0000000000000210       0xa8 core/file.o
 .debug_ranges  0x00000000000002b8       0xc0 core/xcp.o
 .debug_ranges  0x0000000000000378      0x1d8 core/third_party/fatfs/src/ff.o
 .debug_ranges  0x0000000000000550       0x18 core/third_party/fatfs/src/option/unicode.o
 .debug_ranges  0x0000000000000568       0x50 hooks.o
 .debug_ranges  0x00000000000005b8       0x20 led.o
 .debug_ranges  0x00000000000005d8       0x30 main.o
 .debug_ranges  0x0000000000000608       0x20 startup_stm32f407xx.o
 .debug_ranges  0x0000000000000628       0xe0 lib/STM32F4xx_HAL_Driver/Src/stm32f4xx_hal.o
 .debug_ranges  0x0000000000000708       0xf8 lib/STM32F4xx_HAL_Driver/Src/stm32f4xx_hal_cortex.o
 .debug_ranges  0x0000000000000800       0x90 lib/STM32F4xx_HAL_Driver/Src/stm32f4xx_hal_flash.o
 .debug_ranges  0x0000000000000890       0x88 lib/STM32F4xx_HAL_Driver/Src/stm32f4xx_hal_flash_ex.o
 .debug_ranges  0x0000000000000918      0x158 lib/STM32F4xx_HAL_Driver/Src/stm32f4xx_hal_sd.o
 .debug_ranges  0x0000000000000a70       0x20 lib/STM32F4xx_HAL_Driver/Src/stm32f4xx_ll_gpio.o
 .debug_ranges  0x0000000000000a90       0x70 lib/STM32F4xx_HAL_Driver/Src/stm32f4xx_ll_rcc.o
 .debug_ranges  0x0000000000000b00      0x168 lib/STM32F4xx_HAL_Driver/Src/stm32f4xx_ll_sdmmc.o
 .debug_ranges  0x0000000000000c68       0x48 lib/STM32F4xx_HAL_Driver/Src/stm32f4xx_ll_usart.o
 .debug_ranges  0x0000000000000cb0       0x50 lib/STM32F4xx_HAL_Driver/Src/stm32f4xx_ll_utils.o
 .debug_ranges  0x0000000000000d00       0xc0 lib/fatfs/bsp_driver_sd.o
 .debug_ranges  0x0000000000000dc0       0x30 lib/fatfs/mmc.o
 .debug_ranges  0x0000000000000df0       0x38 lib/fatfs/sd_diskio.o
 .debug_ranges  0x0000000000000e28       0x18 lib/system_stm32f4xx.o

.debug_macro    0x0000000000000000    0x24e9f
 .debug_macro   0x0000000000000000       0xb8 core/ARMCM4_STM32F4/GCC/cpu_comp.o
 .debug_macro   0x00000000000000b8      0xa5a core/ARMCM4_STM32F4/GCC/cpu_comp.o
 .debug_macro   0x0000000000000b12       0x1c core/ARMCM4_STM32F4/GCC/cpu_comp.o
 .debug_macro   0x0000000000000b2e       0x1c core/ARMCM4_STM32F4/GCC/cpu_comp.o
 .debug_macro   0x0000000000000b4a       0x22 core/ARMCM4_STM32F4/GCC/cpu_comp.o
 .debug_macro   0x0000000000000b6c       0xbe core/ARMCM4_STM32F4/GCC/cpu_comp.o
 .debug_macro   0x0000000000000c2a       0x61 core/ARMCM4_STM32F4/GCC/cpu_comp.o
 .debug_macro   0x0000000000000c8b       0x1c core/ARMCM4_STM32F4/GCC/cpu_comp.o
 .debug_macro   0x0000000000000ca7       0xe9 core/ARMCM4_STM32F4/GCC/cpu_comp.o
 .debug_macro   0x0000000000000d90       0xe0 core/ARMCM4_STM32F4/GCC/cpu_comp.o
 .debug_macro   0x0000000000000e70       0x40 core/ARMCM4_STM32F4/GCC/cpu_comp.o
 .debug_macro   0x0000000000000eb0      0x1aa core/ARMCM4_STM32F4/GCC/cpu_comp.o
 .debug_macro   0x000000000000105a       0x40 core/ARMCM4_STM32F4/GCC/cpu_comp.o
 .debug_macro   0x000000000000109a      0x286 core/ARMCM4_STM32F4/cpu.o
 .debug_macro   0x0000000000001320       0x2e core/ARMCM4_STM32F4/cpu.o
 .debug_macro   0x000000000000134e       0x2f core/ARMCM4_STM32F4/cpu.o
 .debug_macro   0x000000000000137d       0x22 core/ARMCM4_STM32F4/cpu.o
 .debug_macro   0x000000000000139f       0x8e core/ARMCM4_STM32F4/cpu.o
 .debug_macro   0x000000000000142d       0x51 core/ARMCM4_STM32F4/cpu.o
 .debug_macro   0x000000000000147e       0xef core/ARMCM4_STM32F4/cpu.o
 .debug_macro   0x000000000000156d       0x6a core/ARMCM4_STM32F4/cpu.o
 .debug_macro   0x00000000000015d7      0x1df core/ARMCM4_STM32F4/cpu.o
 .debug_macro   0x00000000000017b6       0x1c core/ARMCM4_STM32F4/cpu.o
 .debug_macro   0x00000000000017d2       0x22 core/ARMCM4_STM32F4/cpu.o
 .debug_macro   0x00000000000017f4       0xdf core/ARMCM4_STM32F4/cpu.o
 .debug_macro   0x00000000000018d3     0x102d core/ARMCM4_STM32F4/cpu.o
 .debug_macro   0x0000000000002900      0x11f core/ARMCM4_STM32F4/cpu.o
 .debug_macro   0x0000000000002a1f    0x15e3c core/ARMCM4_STM32F4/cpu.o
 .debug_macro   0x000000000001885b       0x43 core/ARMCM4_STM32F4/cpu.o
 .debug_macro   0x000000000001889e      0x18c core/ARMCM4_STM32F4/cpu.o
 .debug_macro   0x0000000000018a2a     0x3659 core/ARMCM4_STM32F4/cpu.o
 .debug_macro   0x000000000001c083      0x174 core/ARMCM4_STM32F4/cpu.o
 .debug_macro   0x000000000001c1f7       0x5a core/ARMCM4_STM32F4/cpu.o
 .debug_macro   0x000000000001c251      0x96b core/ARMCM4_STM32F4/cpu.o
 .debug_macro   0x000000000001cbbc      0x9fe core/ARMCM4_STM32F4/cpu.o
 .debug_macro   0x000000000001d5ba      0x117 core/ARMCM4_STM32F4/cpu.o
 .debug_macro   0x000000000001d6d1      0x13e core/ARMCM4_STM32F4/cpu.o
 .debug_macro   0x000000000001d80f       0x27 core/ARMCM4_STM32F4/cpu.o
 .debug_macro   0x000000000001d836      0x287 core/ARMCM4_STM32F4/cpu.o
 .debug_macro   0x000000000001dabd       0x5f core/ARMCM4_STM32F4/cpu.o
 .debug_macro   0x000000000001db1c      0x236 core/ARMCM4_STM32F4/cpu.o
 .debug_macro   0x000000000001dd52      0x40f core/ARMCM4_STM32F4/cpu.o
 .debug_macro   0x000000000001e161      0x12c core/ARMCM4_STM32F4/cpu.o
 .debug_macro   0x000000000001e28d      0x21e core/ARMCM4_STM32F4/cpu.o
 .debug_macro   0x000000000001e4ab       0x2e core/ARMCM4_STM32F4/cpu.o
 .debug_macro   0x000000000001e4d9      0x11a core/ARMCM4_STM32F4/cpu.o
 .debug_macro   0x000000000001e5f3       0x7e core/ARMCM4_STM32F4/cpu.o
 .debug_macro   0x000000000001e671       0x89 core/ARMCM4_STM32F4/cpu.o
 .debug_macro   0x000000000001e6fa      0x861 core/ARMCM4_STM32F4/cpu.o
 .debug_macro   0x000000000001ef5b      0x1d5 core/ARMCM4_STM32F4/cpu.o
 .debug_macro   0x000000000001f130      0x217 core/ARMCM4_STM32F4/cpu.o
 .debug_macro   0x000000000001f347      0x12d core/ARMCM4_STM32F4/cpu.o
 .debug_macro   0x000000000001f474      0x2a4 core/ARMCM4_STM32F4/flash.o
 .debug_macro   0x000000000001f718       0xc2 core/ARMCM4_STM32F4/nvm.o
 .debug_macro   0x000000000001f7da      0x295 core/ARMCM4_STM32F4/rs232.o
 .debug_macro   0x000000000001fa6f      0x1bb core/ARMCM4_STM32F4/rs232.o
 .debug_macro   0x000000000001fc2a      0x27a core/ARMCM4_STM32F4/timer.o
 .debug_macro   0x000000000001fea4       0xb8 core/assert.o
 .debug_macro   0x000000000001ff5c       0xb8 core/backdoor.o
 .debug_macro   0x0000000000020014       0xb8 core/boot.o
 .debug_macro   0x00000000000200cc       0xc2 core/com.o
 .debug_macro   0x000000000002018e       0xb8 core/cop.o
 .debug_macro   0x0000000000020246      0x1a8 core/file.o
 .debug_macro   0x00000000000203ee       0x40 core/file.o
 .debug_macro   0x000000000002042e       0x18 core/file.o
 .debug_macro   0x0000000000020446       0x94 core/file.o
 .debug_macro   0x00000000000204da       0x3c core/file.o
 .debug_macro   0x0000000000020516       0x34 core/file.o
 .debug_macro   0x000000000002054a       0x57 core/file.o
 .debug_macro   0x00000000000205a1       0x52 core/file.o
 .debug_macro   0x00000000000205f3       0x1f core/file.o
 .debug_macro   0x0000000000020612       0x43 core/file.o
 .debug_macro   0x0000000000020655       0x20 core/file.o
 .debug_macro   0x0000000000020675      0x1a3 core/file.o
 .debug_macro   0x0000000000020818      0x330 core/file.o
 .debug_macro   0x0000000000020b48       0x10 core/file.o
 .debug_macro   0x0000000000020b58       0x35 core/file.o
 .debug_macro   0x0000000000020b8d       0x20 core/file.o
 .debug_macro   0x0000000000020bad      0x111 core/file.o
 .debug_macro   0x0000000000020cbe       0xb8 core/xcp.o
 .debug_macro   0x0000000000020d76      0x3bf core/third_party/fatfs/src/ff.o
 .debug_macro   0x0000000000021135       0x94 core/third_party/fatfs/src/ff.o
 .debug_macro   0x00000000000211c9       0x58 core/third_party/fatfs/src/ff.o
 .debug_macro   0x0000000000021221       0x3d core/third_party/fatfs/src/option/unicode.o
 .debug_macro   0x000000000002125e      0x296 hooks.o
 .debug_macro   0x00000000000214f4      0x149 hooks.o
 .debug_macro   0x000000000002163d      0x28d led.o
 .debug_macro   0x00000000000218ca      0x2b9 main.o
 .debug_macro   0x0000000000021b83      0x781 main.o
 .debug_macro   0x0000000000022304       0xab main.o
 .debug_macro   0x00000000000223af      0x1d5 main.o
 .debug_macro   0x0000000000022584      0x20a main.o
 .debug_macro   0x000000000002278e       0x61 main.o
 .debug_macro   0x00000000000227ef      0x233 lib/STM32F4xx_HAL_Driver/Src/stm32f4xx_hal.o
 .debug_macro   0x0000000000022a22      0x1d3 lib/STM32F4xx_HAL_Driver/Src/stm32f4xx_hal_cortex.o
 .debug_macro   0x0000000000022bf5      0x1d9 lib/STM32F4xx_HAL_Driver/Src/stm32f4xx_hal_flash.o
 .debug_macro   0x0000000000022dce      0x1d9 lib/STM32F4xx_HAL_Driver/Src/stm32f4xx_hal_flash_ex.o
 .debug_macro   0x0000000000022fa7      0x1d4 lib/STM32F4xx_HAL_Driver/Src/stm32f4xx_hal_sd.o
 .debug_macro   0x000000000002317b      0x215 lib/STM32F4xx_HAL_Driver/Src/stm32f4xx_ll_gpio.o
 .debug_macro   0x0000000000023390      0x143 lib/STM32F4xx_HAL_Driver/Src/stm32f4xx_ll_gpio.o
 .debug_macro   0x00000000000234d3      0x200 lib/STM32F4xx_HAL_Driver/Src/stm32f4xx_ll_rcc.o
 .debug_macro   0x00000000000236d3      0x77b lib/STM32F4xx_HAL_Driver/Src/stm32f4xx_ll_rcc.o
 .debug_macro   0x0000000000023e4e      0x1d4 lib/STM32F4xx_HAL_Driver/Src/stm32f4xx_ll_sdmmc.o
 .debug_macro   0x0000000000024022      0x248 lib/STM32F4xx_HAL_Driver/Src/stm32f4xx_ll_usart.o
 .debug_macro   0x000000000002426a      0x1b5 lib/STM32F4xx_HAL_Driver/Src/stm32f4xx_ll_usart.o
 .debug_macro   0x000000000002441f      0x2b4 lib/STM32F4xx_HAL_Driver/Src/stm32f4xx_ll_utils.o
 .debug_macro   0x00000000000246d3       0x5b lib/STM32F4xx_HAL_Driver/Src/stm32f4xx_ll_utils.o
 .debug_macro   0x000000000002472e      0x1f4 lib/fatfs/bsp_driver_sd.o
 .debug_macro   0x0000000000024922       0x34 lib/fatfs/bsp_driver_sd.o
 .debug_macro   0x0000000000024956       0xd1 lib/fatfs/mmc.o
 .debug_macro   0x0000000000024a27       0x8e lib/fatfs/mmc.o
 .debug_macro   0x0000000000024ab5      0x211 lib/fatfs/sd_diskio.o
 .debug_macro   0x0000000000024cc6      0x1d9 lib/system_stm32f4xx.o

.debug_line     0x0000000000000000    0x110c0
 .debug_line    0x0000000000000000      0x2d1 core/ARMCM4_STM32F4/GCC/cpu_comp.o
 .debug_line    0x00000000000002d1      0xa7a core/ARMCM4_STM32F4/cpu.o
 .debug_line    0x0000000000000d4b      0xc1e core/ARMCM4_STM32F4/flash.o
 .debug_line    0x0000000000001969      0x2ed core/ARMCM4_STM32F4/nvm.o
 .debug_line    0x0000000000001c56      0xb10 core/ARMCM4_STM32F4/rs232.o
 .debug_line    0x0000000000002766      0xa8e core/ARMCM4_STM32F4/timer.o
 .debug_line    0x00000000000031f4      0x271 core/assert.o
 .debug_line    0x0000000000003465      0x2ca core/backdoor.o
 .debug_line    0x000000000000372f      0x288 core/boot.o
 .debug_line    0x00000000000039b7      0x311 core/com.o
 .debug_line    0x0000000000003cc8      0x27c core/cop.o
 .debug_line    0x0000000000003f44      0x9a8 core/file.o
 .debug_line    0x00000000000048ec      0x4b9 core/xcp.o
 .debug_line    0x0000000000004da5     0x1158 core/third_party/fatfs/src/ff.o
 .debug_line    0x0000000000005efd      0x1ce core/third_party/fatfs/src/option/unicode.o
 .debug_line    0x00000000000060cb      0xb61 hooks.o
 .debug_line    0x0000000000006c2c      0xa98 led.o
 .debug_line    0x00000000000076c4      0xbf2 main.o
 .debug_line    0x00000000000082b6       0x77 startup_stm32f407xx.o
 .debug_line    0x000000000000832d      0xa1a lib/STM32F4xx_HAL_Driver/Src/stm32f4xx_hal.o
 .debug_line    0x0000000000008d47      0xa6c lib/STM32F4xx_HAL_Driver/Src/stm32f4xx_hal_cortex.o
 .debug_line    0x00000000000097b3      0xa1c lib/STM32F4xx_HAL_Driver/Src/stm32f4xx_hal_flash.o
 .debug_line    0x000000000000a1cf      0x9f5 lib/STM32F4xx_HAL_Driver/Src/stm32f4xx_hal_flash_ex.o
 .debug_line    0x000000000000abc4     0x10ff lib/STM32F4xx_HAL_Driver/Src/stm32f4xx_hal_sd.o
 .debug_line    0x000000000000bcc3      0x9f1 lib/STM32F4xx_HAL_Driver/Src/stm32f4xx_ll_gpio.o
 .debug_line    0x000000000000c6b4      0xa9b lib/STM32F4xx_HAL_Driver/Src/stm32f4xx_ll_rcc.o
 .debug_line    0x000000000000d14f      0xcad lib/STM32F4xx_HAL_Driver/Src/stm32f4xx_ll_sdmmc.o