stm32f4xx_hal_usart.c:2320:13:USART_EndTxTransfer	0	static
stm32f4xx_hal_usart.c:2334:13:USART_EndRxTransfer	0	static
stm32f4xx_hal_usart.c:2458:26:USART_Transmit_IT	0	static
stm32f4xx_hal_usart.c:2718:13:USART_SetConfig	32	static
stm32f4xx_hal_usart.c:2281:26:USART_WaitOnFlagUntilTimeout	24	static
stm32f4xx_hal_usart.c:400:13:HAL_USART_MspInit	0	static
stm32f4xx_hal_usart.c:298:19:HAL_USART_Init	8	static
stm32f4xx_hal_usart.c:415:13:HAL_USART_MspDeInit	0	static
stm32f4xx_hal_usart.c:357:19:HAL_USART_DeInit	8	static
stm32f4xx_hal_usart.c:747:19:HAL_USART_Transmit	32	static
stm32f4xx_hal_usart.c:832:19:HAL_USART_Receive	32	static
stm32f4xx_hal_usart.c:941:19:HAL_USART_TransmitReceive	40	static
stm32f4xx_hal_usart.c:1058:19:HAL_USART_Transmit_IT	0	static
stm32f4xx_hal_usart.c:1111:19:HAL_USART_Receive_IT	0	static
stm32f4xx_hal_usart.c:1161:19:HAL_USART_TransmitReceive_IT	4	static
stm32f4xx_hal_usart.c:1216:19:HAL_USART_Transmit_DMA	16	static
stm32f4xx_hal_usart.c:1283:19:HAL_USART_Receive_DMA	32	static
stm32f4xx_hal_usart.c:1378:19:HAL_USART_TransmitReceive_DMA	32	static
stm32f4xx_hal_usart.c:1465:19:HAL_USART_DMAPause	0	static
stm32f4xx_hal_usart.c:1485:19:HAL_USART_DMAResume	0	static
stm32f4xx_hal_usart.c:1505:19:HAL_USART_DMAStop	8	static
stm32f4xx_hal_usart.c:1562:19:HAL_USART_Abort	8	static
stm32f4xx_hal_usart.c:1909:13:HAL_USART_TxCpltCallback	0	static
stm32f4xx_hal_usart.c:2086:13:USART_DMATransmitCplt	8	static
stm32f4xx_hal_usart.c:2504:26:USART_EndTransmit_IT	8	static
stm32f4xx_hal_usart.c:1924:13:HAL_USART_TxHalfCpltCallback	0	static
stm32f4xx_hal_usart.c:2125:13:USART_DMATxHalfCplt	8	static
stm32f4xx_hal_usart.c:1939:13:HAL_USART_RxCpltCallback	0	static
stm32f4xx_hal_usart.c:2531:26:USART_Receive_IT	8	static
stm32f4xx_hal_usart.c:1954:13:HAL_USART_RxHalfCpltCallback	0	static
stm32f4xx_hal_usart.c:2219:13:USART_DMARxHalfCplt	8	static
stm32f4xx_hal_usart.c:1969:13:HAL_USART_TxRxCpltCallback	0	static
stm32f4xx_hal_usart.c:2144:13:USART_DMAReceiveCplt	8	static
stm32f4xx_hal_usart.c:2609:26:USART_TransmitReceive_IT	8	static
stm32f4xx_hal_usart.c:1984:13:HAL_USART_ErrorCallback	0	static
stm32f4xx_hal_usart.c:2238:13:USART_DMAError	8	static
stm32f4xx_hal_usart.c:1747:6:HAL_USART_IRQHandler	8	static
stm32f4xx_hal_usart.c:2350:13:USART_DMAAbortOnError	8	static
stm32f4xx_hal_usart.c:1998:13:HAL_USART_AbortCpltCallback	0	static
stm32f4xx_hal_usart.c:1628:19:HAL_USART_Abort_IT	8	static
stm32f4xx_hal_usart.c:2416:13:USART_DMARxAbortCallback	8	static
stm32f4xx_hal_usart.c:2373:13:USART_DMATxAbortCallback	8	static
stm32f4xx_hal_usart.c:2037:24:HAL_USART_GetState	0	static
stm32f4xx_hal_usart.c:2048:10:HAL_USART_GetError	0	static
