bsp_driver_sd.c:70:6:HAL_SD_MspInit	64	static
bsp_driver_sd.c:109:6:HAL_SD_MspDeInit	8	static
bsp_driver_sd.c:166:9:BSP_SD_ITConfig	0	static
bsp_driver_sd.c:175:6:BSP_SD_DetectIT	0	static
bsp_driver_sd.c:182:13:BSP_SD_DetectCallback	0	static
bsp_driver_sd.c:200:9:BSP_SD_ReadBlocks	16	static
bsp_driver_sd.c:223:9:BSP_SD_WriteBlocks	16	static
bsp_driver_sd.c:245:9:BSP_SD_ReadBlocks_DMA	8	static
bsp_driver_sd.c:268:9:BSP_SD_WriteBlocks_DMA	8	static
bsp_driver_sd.c:290:9:BSP_SD_Erase	8	static
bsp_driver_sd.c:308:6:BSP_SD_IRQHandler	8	static
bsp_driver_sd.c:316:6:BSP_SD_DMA_Tx_IRQHandler	8	static
bsp_driver_sd.c:324:6:BSP_SD_DMA_Rx_IRQHandler	8	static
bsp_driver_sd.c:337:9:BSP_SD_GetCardState	8	static
bsp_driver_sd.c:347:6:BSP_SD_GetCardInfo	8	static
bsp_driver_sd.c:391:13:BSP_SD_AbortCallback	0	static
bsp_driver_sd.c:361:6:HAL_SD_AbortCallback	8	static
bsp_driver_sd.c:400:13:BSP_SD_WriteCpltCallback	0	static
bsp_driver_sd.c:371:6:HAL_SD_TxCpltCallback	8	static
bsp_driver_sd.c:409:13:BSP_SD_ReadCpltCallback	0	static
bsp_driver_sd.c:381:6:HAL_SD_RxCpltCallback	8	static
bsp_driver_sd.c:420:9:BSP_SD_IsDetected	8	static
bsp_driver_sd.c:126:9:BSP_SD_Init	8	static
